Component: ARM Compiler 5.06 update 7 (build 960) Tool: armlink [4d3601]

==============================================================================

Section Cross References

    startup_stm32f103xe.o(RESET) refers to startup_stm32f103xe.o(STACK) for __initial_sp
    startup_stm32f103xe.o(RESET) refers to startup_stm32f103xe.o(.text) for Reset_Handler
    startup_stm32f103xe.o(RESET) refers to stm32f1xx_it.o(i.NMI_Handler) for NMI_Handler
    startup_stm32f103xe.o(RESET) refers to stm32f1xx_it.o(i.HardFault_Handler) for HardFault_Handler
    startup_stm32f103xe.o(RESET) refers to stm32f1xx_it.o(i.MemManage_Handler) for MemManage_Handler
    startup_stm32f103xe.o(RESET) refers to stm32f1xx_it.o(i.BusFault_Handler) for BusFault_Handler
    startup_stm32f103xe.o(RESET) refers to stm32f1xx_it.o(i.UsageFault_Handler) for UsageFault_Handler
    startup_stm32f103xe.o(RESET) refers to stm32f1xx_it.o(i.SVC_Handler) for SVC_Handler
    startup_stm32f103xe.o(RESET) refers to stm32f1xx_it.o(i.DebugMon_Handler) for DebugMon_Handler
    startup_stm32f103xe.o(RESET) refers to stm32f1xx_it.o(i.PendSV_Handler) for PendSV_Handler
    startup_stm32f103xe.o(RESET) refers to stm32f1xx_it.o(i.SysTick_Handler) for SysTick_Handler
    startup_stm32f103xe.o(.text) refers to system_stm32f1xx.o(i.SystemInit) for SystemInit
    startup_stm32f103xe.o(.text) refers to entry.o(.ARM.Collect$$$$00000000) for __main
    main.o(i.SystemClock_Config) refers to memseta.o(.text) for __aeabi_memclr4
    main.o(i.SystemClock_Config) refers to stm32f1xx_hal_rcc.o(i.HAL_RCC_OscConfig) for HAL_RCC_OscConfig
    main.o(i.SystemClock_Config) refers to stm32f1xx_hal_rcc.o(i.HAL_RCC_ClockConfig) for HAL_RCC_ClockConfig
    main.o(i.main) refers to stm32f1xx_hal.o(i.HAL_Init) for HAL_Init
    main.o(i.main) refers to main.o(i.SystemClock_Config) for SystemClock_Config
    main.o(i.main) refers to gpio.o(i.MX_GPIO_Init) for MX_GPIO_Init
    main.o(i.main) refers to usart.o(i.MX_USART1_UART_Init) for MX_USART1_UART_Init
    main.o(i.main) refers to main.o(i.uart_print) for uart_print
    main.o(i.main) refers to oled.o(i.OLED_Init) for OLED_Init
    main.o(i.main) refers to oled.o(i.OLED_ShowChar) for OLED_ShowChar
    main.o(i.main) refers to oled.o(i.OLED_ShowString) for OLED_ShowString
    main.o(i.main) refers to oled.o(i.OLED_ShowNum) for OLED_ShowNum
    main.o(i.main) refers to oled.o(i.OLED_ShowSignedNum) for OLED_ShowSignedNum
    main.o(i.main) refers to oled.o(i.OLED_ShowHexNum) for OLED_ShowHexNum
    main.o(i.main) refers to oled.o(i.OLED_ShowBinNum) for OLED_ShowBinNum
    main.o(i.main) refers to oled.o(i.OLED_ShowFloatNum) for OLED_ShowFloatNum
    main.o(i.main) refers to oled.o(i.OLED_ShowImage) for OLED_ShowImage
    main.o(i.main) refers to oled.o(i.OLED_Printf) for OLED_Printf
    main.o(i.main) refers to oled.o(i.OLED_Update) for OLED_Update
    main.o(i.main) refers to stm32f1xx_hal.o(i.HAL_Delay) for HAL_Delay
    main.o(i.main) refers to oled.o(i.OLED_Clear) for OLED_Clear
    main.o(i.main) refers to oled.o(i.OLED_DrawPoint) for OLED_DrawPoint
    main.o(i.main) refers to oled.o(i.OLED_GetPoint) for OLED_GetPoint
    main.o(i.main) refers to oled.o(i.OLED_DrawLine) for OLED_DrawLine
    main.o(i.main) refers to oled.o(i.OLED_DrawRectangle) for OLED_DrawRectangle
    main.o(i.main) refers to oled.o(i.OLED_DrawTriangle) for OLED_DrawTriangle
    main.o(i.main) refers to oled.o(i.OLED_DrawCircle) for OLED_DrawCircle
    main.o(i.main) refers to oled.o(i.OLED_DrawEllipse) for OLED_DrawEllipse
    main.o(i.main) refers to oled.o(i.OLED_DrawArc) for OLED_DrawArc
    main.o(i.main) refers to oled.o(i.OLED_ReverseArea) for OLED_ReverseArea
    main.o(i.main) refers to oled.o(i.OLED_Reverse) for OLED_Reverse
    main.o(i.main) refers to usart.o(.bss) for huart1
    main.o(i.main) refers to oled_data.o(.constdata) for Diode
    main.o(i.uart_print) refers to memseta.o(.text) for __aeabi_memclr4
    main.o(i.uart_print) refers to printfa.o(i.__0vsnprintf) for vsnprintf
    main.o(i.uart_print) refers to strcat.o(.text) for strcat
    main.o(i.uart_print) refers to strlen.o(.text) for strlen
    main.o(i.uart_print) refers to stm32f1xx_hal_uart.o(i.HAL_UART_Transmit) for HAL_UART_Transmit
    gpio.o(i.MX_GPIO_Init) refers to stm32f1xx_hal_gpio.o(i.HAL_GPIO_WritePin) for HAL_GPIO_WritePin
    gpio.o(i.MX_GPIO_Init) refers to stm32f1xx_hal_gpio.o(i.HAL_GPIO_Init) for HAL_GPIO_Init
    usart.o(i.HAL_UART_MspDeInit) refers to stm32f1xx_hal_gpio.o(i.HAL_GPIO_DeInit) for HAL_GPIO_DeInit
    usart.o(i.HAL_UART_MspInit) refers to stm32f1xx_hal_gpio.o(i.HAL_GPIO_Init) for HAL_GPIO_Init
    usart.o(i.MX_USART1_UART_Init) refers to stm32f1xx_hal_uart.o(i.HAL_UART_Init) for HAL_UART_Init
    usart.o(i.MX_USART1_UART_Init) refers to main.o(i.Error_Handler) for Error_Handler
    usart.o(i.MX_USART1_UART_Init) refers to usart.o(.bss) for .bss
    stm32f1xx_it.o(i.SysTick_Handler) refers to stm32f1xx_hal.o(i.HAL_IncTick) for HAL_IncTick
[...]
    dunder.o(i.__mathlib_dbl_posinfnan) refers to dmul.o(.text) for __aeabi_dmul
    dunder.o(i.__mathlib_dbl_underflow) refers to dscalb.o(.text) for __ARM_scalbn
    qnan.o(.constdata) refers (Special) to iusefp.o(.text) for __I$use$fp
    entry2.o(.ARM.Collect$$$$00000001) refers to entry2.o(.ARM.Collect$$$$00002712) for __lit__00000000
    entry2.o(.ARM.Collect$$$$00002712) refers to startup_stm32f103xe.o(STACK) for __initial_sp
    entry2.o(__vectab_stack_and_reset_area) refers to startup_stm32f103xe.o(STACK) for __initial_sp
    entry2.o(__vectab_stack_and_reset_area) refers to entry.o(.ARM.Collect$$$$00000000) for __main
    entry5.o(.ARM.Collect$$$$00000004) refers to init.o(.text) for __scatterload
    entry9a.o(.ARM.Collect$$$$0000000B) refers to main.o(i.main) for main
    entry9b.o(.ARM.Collect$$$$0000000C) refers to main.o(i.main) for main
    fputc.o(i.fputc) refers (Special) to iusesemip.o(.text) for __I$use$semihosting$fputc
    fputc.o(i.fputc) refers (Special) to semi.o(.text) for __semihosting_library_function
    uldiv.o(.text) refers to llushr.o(.text) for __aeabi_llsr
    uldiv.o(.text) refers to llshl.o(.text) for __aeabi_llsl
    errno.o(i.__aeabi_errno_addr) refers to errno.o(.data) for .data
    errno.o(i.__read_errno) refers to errno.o(.data) for .data
    errno.o(i.__set_errno) refers to errno.o(.data) for .data
    depilogue.o(.text) refers to llshl.o(.text) for __aeabi_llsl
    depilogue.o(.text) refers to llushr.o(.text) for __aeabi_llsr
    drnd.o(.text) refers to llshl.o(.text) for __aeabi_llsl
    drnd.o(.text) refers to llushr.o(.text) for __aeabi_llsr
    drnd.o(.text) refers to depilogue.o(.text) for _double_round
    dfixul.o(.text) refers to llushr.o(.text) for __aeabi_llsr
    dfixul.o(.text) refers to llshl.o(.text) for __aeabi_llsl
    fpclassify.o(i.__ARM_fpclassify) refers (Special) to iusefp.o(.text) for __I$use$fp
    poly.o(i.__kernel_poly) refers (Special) to iusefp.o(.text) for __I$use$fp
    poly.o(i.__kernel_poly) refers to dmul.o(.text) for __aeabi_dmul
    poly.o(i.__kernel_poly) refers to dadd.o(.text) for __aeabi_dadd
    init.o(.text) refers to entry5.o(.ARM.Collect$$$$00000004) for __main_after_scatterload


==============================================================================

Removing Unused input sections from the image.

    Removing startup_stm32f103xe.o(HEAP), (512 bytes).
    Removing main.o(.rev16_text), (4 bytes).
    Removing main.o(.revsh_text), (4 bytes).
    Removing main.o(.rrx_text), (6 bytes).
    Removing gpio.o(.rev16_text), (4 bytes).
    Removing gpio.o(.revsh_text), (4 bytes).
    Removing gpio.o(.rrx_text), (6 bytes).
    Removing usart.o(.rev16_text), (4 bytes).
    Removing usart.o(.revsh_text), (4 bytes).
    Removing usart.o(.rrx_text), (6 bytes).
    Removing usart.o(i.HAL_UART_MspDeInit), (44 bytes).
    Removing stm32f1xx_it.o(.rev16_text), (4 bytes).
    Removing stm32f1xx_it.o(.revsh_text), (4 bytes).
    Removing stm32f1xx_it.o(.rrx_text), (6 bytes).
    Removing stm32f1xx_hal_msp.o(.rev16_text), (4 bytes).
    Removing stm32f1xx_hal_msp.o(.revsh_text), (4 bytes).
    Removing stm32f1xx_hal_msp.o(.rrx_text), (6 bytes).
    Removing oled.o(.rev16_text), (4 bytes).
    Removing oled.o(.revsh_text), (4 bytes).
    Removing oled.o(.rrx_text), (6 bytes).
    Removing oled.o(i.OLED_UpdateArea), (96 bytes).
    Removing stm32f1xx_hal_gpio_ex.o(.rev16_text), (4 bytes).
    Removing stm32f1xx_hal_gpio_ex.o(.revsh_text), (4 bytes).
    Removing stm32f1xx_hal_gpio_ex.o(.rrx_text), (6 bytes).
    Removing stm32f1xx_hal_gpio_ex.o(i.HAL_GPIOEx_ConfigEventout), (20 bytes).
    Removing stm32f1xx_hal_gpio_ex.o(i.HAL_GPIOEx_DisableEventout), (16 bytes).
    Removing stm32f1xx_hal_gpio_ex.o(i.HAL_GPIOEx_EnableEventout), (16 bytes).
    Removing stm32f1xx_hal_tim.o(.rev16_text), (4 bytes).
    Removing stm32f1xx_hal_tim.o(.revsh_text), (4 bytes).
    Removing stm32f1xx_hal_tim.o(.rrx_text), (6 bytes).
    Removing stm32f1xx_hal_tim_ex.o(.rev16_text), (4 bytes).
    Removing stm32f1xx_hal_tim_ex.o(.revsh_text), (4 bytes).
    Removing stm32f1xx_hal_tim_ex.o(.rrx_text), (6 bytes).
    Removing stm32f1xx_hal_uart.o(.rev16_text), (4 bytes).
    Removing stm32f1xx_hal_uart.o(.revsh_text), (4 bytes).
    Removing stm32f1xx_hal_uart.o(.rrx_text), (6 bytes).
    Removing stm32f1xx_hal_uart.o(i.HAL_HalfDuplex_EnableReceiver), (50 bytes).
    Removing stm32f1xx_hal_uart.o(i.HAL_HalfDuplex_EnableTransmitter), (50 bytes).
    Removing stm32f1xx_hal_uart.o(i.HAL_HalfDuplex_Init), (110 bytes).
    Removing stm32f1xx_hal_uart.o(i.HAL_LIN_Init), (130 bytes).
    Removing stm32f1xx_hal_uart.o(i.HAL_LIN_SendBreak), (60 bytes).
    Removing stm32f1xx_hal_uart.o(i.HAL_MultiProcessor_EnterMuteMode), (62 bytes).
    Removing stm32f1xx_hal_uart.o(i.HAL_MultiProcessor_ExitMuteMode), (62 bytes).
    Removing stm32f1xx_hal_uart.o(i.HAL_MultiProcessor_Init), (144 bytes).
    Removing stm32f1xx_hal_uart.o(i.HAL_UARTEx_GetRxEventType), (4 bytes).
    Removing stm32f1xx_hal_uart.o(i.HAL_UARTEx_ReceiveToIdle), (240 bytes).
    Removing stm32f1xx_hal_uart.o(i.HAL_UARTEx_ReceiveToIdle_DMA), (74 bytes).
    Removing stm32f1xx_hal_uart.o(i.HAL_UARTEx_ReceiveToIdle_IT), (78 bytes).
    Removing stm32f1xx_hal_uart.o(i.HAL_UARTEx_RxEventCallback), (2 bytes).
    Removing stm32f1xx_hal_uart.o(i.HAL_UART_Abort), (210 bytes).
    Removing stm32f1xx_hal_uart.o(i.HAL_UART_AbortCpltCallback), (2 bytes).
    Removing stm32f1xx_hal_uart.o(i.HAL_UART_AbortReceive), (148 bytes).
    Removing stm32f1xx_hal_uart.o(i.HAL_UART_AbortReceiveCpltCallback), (2 bytes).
    Removing stm32f1xx_hal_uart.o(i.HAL_UART_AbortReceive_IT), (152 bytes).
    Removing stm32f1xx_hal_uart.o(i.HAL_UART_AbortTransmit), (98 bytes).
    Removing stm32f1xx_hal_uart.o(i.HAL_UART_AbortTransmitCpltCallback), (2 bytes).
    Removing stm32f1xx_hal_uart.o(i.HAL_UART_AbortTransmit_IT), (104 bytes).
    Removing stm32f1xx_hal_uart.o(i.HAL_UART_Abort_IT), (244 bytes).
    Removing stm32f1xx_hal_uart.o(i.HAL_UART_DMAPause), (120 bytes).
    Removing stm32f1xx_hal_uart.o(i.HAL_UART_DMAResume), (114 bytes).
    Removing stm32f1xx_hal_uart.o(i.HAL_UART_DMAStop), (112 bytes).
    Removing stm32f1xx_hal_uart.o(i.HAL_UART_DeInit), (54 bytes).
    Removing stm32f1xx_hal_uart.o(i.HAL_UART_ErrorCallback), (2 bytes).
    Removing stm32f1xx_hal_uart.o(i.HAL_UART_GetError), (4 bytes).
    Removing stm32f1xx_hal_uart.o(i.HAL_UART_GetState), (10 bytes).
    Removing stm32f1xx_hal_uart.o(i.HAL_UART_IRQHandler), (620 bytes).
    Removing stm32f1xx_hal_uart.o(i.HAL_UART_MspDeInit), (2 bytes).
    Removing stm32f1xx_hal_uart.o(i.HAL_UART_MspInit), (2 bytes).
    Removing stm32f1xx_hal_uart.o(i.HAL_UART_Receive), (176 bytes).
    Removing stm32f1xx_hal_uart.o(i.HAL_UART_Receive_DMA), (28 bytes).
    Removing stm32f1xx_hal_uart.o(i.HAL_UART_Receive_IT), (28 bytes).
    Removing stm32f1xx_hal_uart.o(i.HAL_UART_RxCpltCallback), (2 bytes).
    Removing stm32f1xx_hal_uart.o(i.HAL_UART_RxHalfCpltCallback), (2 bytes).
    Removing stm32f1xx_hal_uart.o(i.HAL_UART_Transmit_DMA), (120 bytes).
    Removing stm32f1xx_hal_uart.o(i.HAL_UART_Transmit_IT), (50 bytes).
    Removing stm32f1xx_hal_uart.o(i.HAL_UART_TxCpltCallback), (2 bytes).
    Removing stm32f1xx_hal_uart.o(i.HAL_UART_TxHalfCpltCallback), (2 bytes).
    Removing stm32f1xx_hal_uart.o(i.UART_DMAAbortOnError), (16 bytes).
    Removing stm32f1xx_hal_uart.o(i.UART_DMAError), (74 bytes).
    Removing stm32f1xx_hal_uart.o(i.UART_DMAReceiveCplt), (134 bytes).
    Removing stm32f1xx_hal_uart.o(i.UART_DMARxAbortCallback), (44 bytes).
    Removing stm32f1xx_hal_uart.o(i.UART_DMARxHalfCplt), (30 bytes).
    Removing stm32f1xx_hal_uart.o(i.UART_DMARxOnlyAbortCallback), (22 bytes).
    Removing stm32f1xx_hal_uart.o(i.UART_DMATransmitCplt), (66 bytes).
    Removing stm32f1xx_hal_uart.o(i.UART_DMATxAbortCallback), (44 bytes).
    Removing stm32f1xx_hal_uart.o(i.UART_DMATxHalfCplt), (10 bytes).
    Removing stm32f1xx_hal_uart.o(i.UART_DMATxOnlyAbortCallback), (20 bytes).
    Removing stm32f1xx_hal_uart.o(i.UART_EndTxTransfer), (28 bytes).
    Removing stm32f1xx_hal_uart.o(i.UART_Receive_IT), (194 bytes).
    Removing stm32f1xx_hal_uart.o(i.UART_Start_Receive_DMA), (144 bytes).
    Removing stm32f1xx_hal_uart.o(i.UART_Start_Receive_IT), (54 bytes).
    Removing stm32f1xx_hal.o(.rev16_text), (4 bytes).
    Removing stm32f1xx_hal.o(.revsh_text), (4 bytes).
    Removing stm32f1xx_hal.o(.rrx_text), (6 bytes).
    Removing stm32f1xx_hal.o(i.HAL_DBGMCU_DisableDBGSleepMode), (16 bytes).
    Removing stm32f1xx_hal.o(i.HAL_DBGMCU_DisableDBGStandbyMode), (16 bytes).
    Removing stm32f1xx_hal.o(i.HAL_DBGMCU_DisableDBGStopMode), (16 bytes).
    Removing stm32f1xx_hal.o(i.HAL_DBGMCU_EnableDBGSleepMode), (16 bytes).
    Removing stm32f1xx_hal.o(i.HAL_DBGMCU_EnableDBGStandbyMode), (16 bytes).
    Removing stm32f1xx_hal.o(i.HAL_DBGMCU_EnableDBGStopMode), (16 bytes).
    Removing stm32f1xx_hal.o(i.HAL_DeInit), (32 bytes).
    Removing stm32f1xx_hal.o(i.HAL_GetDEVID), (16 bytes).
    Removing stm32f1xx_hal.o(i.HAL_GetHalVersion), (8 bytes).
    Removing stm32f1xx_hal.o(i.HAL_GetREVID), (12 bytes).
    Removing stm32f1xx_hal.o(i.HAL_GetTickFreq), (12 bytes).
    Removing stm32f1xx_hal.o(i.HAL_GetTickPrio), (12 bytes).
    Removing stm32f1xx_hal.o(i.HAL_GetUIDw0), (12 bytes).
    Removing stm32f1xx_hal.o(i.HAL_GetUIDw1), (12 bytes).
    Removing stm32f1xx_hal.o(i.HAL_GetUIDw2), (12 bytes).
    Removing stm32f1xx_hal.o(i.HAL_MspDeInit), (2 bytes).
    Removing stm32f1xx_hal.o(i.HAL_MspInit), (2 bytes).
    Removing stm32f1xx_hal.o(i.HAL_ResumeTick), (14 bytes).
    Removing stm32f1xx_hal.o(i.HAL_SetTickFreq), (36 bytes).
    Removing stm32f1xx_hal.o(i.HAL_SuspendTick), (14 bytes).
    Removing stm32f1xx_hal_rcc.o(.rev16_text), (4 bytes).
    Removing stm32f1xx_hal_rcc.o(.revsh_text), (4 bytes).
    Removing stm32f1xx_hal_rcc.o(.rrx_text), (6 bytes).
    Removing stm32f1xx_hal_rcc.o(i.HAL_RCC_CSSCallback), (2 bytes).
    Removing stm32f1xx_hal_rcc.o(i.HAL_RCC_DeInit), (220 bytes).
    Removing stm32f1xx_hal_rcc.o(i.HAL_RCC_DisableCSS), (12 bytes).
    Removing stm32f1xx_hal_rcc.o(i.HAL_RCC_EnableCSS), (12 bytes).
    Removing stm32f1xx_hal_rcc.o(i.HAL_RCC_GetClockConfig), (64 bytes).
    Removing stm32f1xx_hal_rcc.o(i.HAL_RCC_GetHCLKFreq), (12 bytes).
    Removing stm32f1xx_hal_rcc.o(i.HAL_RCC_GetOscConfig), (144 bytes).
    Removing stm32f1xx_hal_rcc.o(i.HAL_RCC_MCOConfig), (72 bytes).
    Removing stm32f1xx_hal_rcc.o(i.HAL_RCC_NMI_IRQHandler), (24 bytes).
    Removing stm32f1xx_hal_rcc_ex.o(.rev16_text), (4 bytes).
    Removing stm32f1xx_hal_rcc_ex.o(.revsh_text), (4 bytes).
    Removing stm32f1xx_hal_rcc_ex.o(.rrx_text), (6 bytes).
    Removing stm32f1xx_hal_rcc_ex.o(i.HAL_RCCEx_GetPeriphCLKConfig), (52 bytes).
    Removing stm32f1xx_hal_rcc_ex.o(i.HAL_RCCEx_GetPeriphCLKFreq), (184 bytes).
    Removing stm32f1xx_hal_rcc_ex.o(i.HAL_RCCEx_PeriphCLKConfig), (236 bytes).
    Removing stm32f1xx_hal_rcc_ex.o(.constdata), (18 bytes).
    Removing stm32f1xx_hal_gpio.o(.rev16_text), (4 bytes).
    Removing stm32f1xx_hal_gpio.o(.revsh_text), (4 bytes).
    Removing stm32f1xx_hal_gpio.o(.rrx_text), (6 bytes).
    Removing stm32f1xx_hal_gpio.o(i.HAL_GPIO_DeInit), (316 bytes).
    Removing stm32f1xx_hal_gpio.o(i.HAL_GPIO_EXTI_Callback), (2 bytes).
    Removing stm32f1xx_hal_gpio.o(i.HAL_GPIO_EXTI_IRQHandler), (24 bytes).
    Removing stm32f1xx_hal_gpio.o(i.HAL_GPIO_LockPin), (34 bytes).
    Removing stm32f1xx_hal_gpio.o(i.HAL_GPIO_ReadPin), (10 bytes).
    Removing stm32f1xx_hal_gpio.o(i.HAL_GPIO_TogglePin), (16 bytes).
    Removing stm32f1xx_hal_dma.o(.rev16_text), (4 bytes).
    Removing stm32f1xx_hal_dma.o(.revsh_text), (4 bytes).
    Removing stm32f1xx_hal_dma.o(.rrx_text), (6 bytes).
    Removing stm32f1xx_hal_dma.o(i.DMA_SetConfig), (42 bytes).
    Removing stm32f1xx_hal_dma.o(i.HAL_DMA_Abort), (70 bytes).
    Removing stm32f1xx_hal_dma.o(i.HAL_DMA_Abort_IT), (304 bytes).
    Removing stm32f1xx_hal_dma.o(i.HAL_DMA_DeInit), (128 bytes).
    Removing stm32f1xx_hal_dma.o(i.HAL_DMA_GetError), (4 bytes).
    Removing stm32f1xx_hal_dma.o(i.HAL_DMA_GetState), (6 bytes).
    Removing stm32f1xx_hal_dma.o(i.HAL_DMA_IRQHandler), (584 bytes).
    Removing stm32f1xx_hal_dma.o(i.HAL_DMA_Init), (124 bytes).
    Removing stm32f1xx_hal_dma.o(i.HAL_DMA_PollForTransfer), (988 bytes).
    Removing stm32f1xx_hal_dma.o(i.HAL_DMA_RegisterCallback), (74 bytes).
    Removing stm32f1xx_hal_dma.o(i.HAL_DMA_Start), (80 bytes).
    Removing stm32f1xx_hal_dma.o(i.HAL_DMA_Start_IT), (112 bytes).
    Removing stm32f1xx_hal_dma.o(i.HAL_DMA_UnRegisterCallback), (82 bytes).
    Removing stm32f1xx_hal_cortex.o(.rev16_text), (4 bytes).
    Removing stm32f1xx_hal_cortex.o(.revsh_text), (4 bytes).
    Removing stm32f1xx_hal_cortex.o(.rrx_text), (6 bytes).
    Removing stm32f1xx_hal_cortex.o(i.HAL_NVIC_ClearPendingIRQ), (26 bytes).
    Removing stm32f1xx_hal_cortex.o(i.HAL_NVIC_DisableIRQ), (34 bytes).
    Removing stm32f1xx_hal_cortex.o(i.HAL_NVIC_EnableIRQ), (26 bytes).
    Removing stm32f1xx_hal_cortex.o(i.HAL_NVIC_GetActive), (36 bytes).
    Removing stm32f1xx_hal_cortex.o(i.HAL_NVIC_GetPendingIRQ), (36 bytes).
    Removing stm32f1xx_hal_cortex.o(i.HAL_NVIC_GetPriority), (82 bytes).
    Removing stm32f1xx_hal_cortex.o(i.HAL_NVIC_GetPriorityGrouping), (16 bytes).
    Removing stm32f1xx_hal_cortex.o(i.HAL_NVIC_SetPendingIRQ), (26 bytes).
    Removing stm32f1xx_hal_cortex.o(i.HAL_NVIC_SystemReset), (36 bytes).
    Removing stm32f1xx_hal_cortex.o(i.HAL_SYSTICK_CLKSourceConfig), (24 bytes).
    Removing stm32f1xx_hal_cortex.o(i.HAL_SYSTICK_Callback), (2 bytes).
    Removing stm32f1xx_hal_cortex.o(i.HAL_SYSTICK_IRQHandler), (8 bytes).
    Removing stm32f1xx_hal_pwr.o(.rev16_text), (4 bytes).
    Removing stm32f1xx_hal_pwr.o(.revsh_text), (4 bytes).
    Removing stm32f1xx_hal_pwr.o(.rrx_text), (6 bytes).
    Removing stm32f1xx_hal_pwr.o(i.HAL_PWR_ConfigPVD), (124 bytes).
    Removing stm32f1xx_hal_pwr.o(i.HAL_PWR_DeInit), (24 bytes).
    Removing stm32f1xx_hal_pwr.o(i.HAL_PWR_DisableBkUpAccess), (12 bytes).
    Removing stm32f1xx_hal_pwr.o(i.HAL_PWR_DisablePVD), (12 bytes).
    Removing stm32f1xx_hal_pwr.o(i.HAL_PWR_DisableSEVOnPend), (16 bytes).
    Removing stm32f1xx_hal_pwr.o(i.HAL_PWR_DisableSleepOnExit), (16 bytes).
    Removing stm32f1xx_hal_pwr.o(i.HAL_PWR_DisableWakeUpPin), (28 bytes).
    Removing stm32f1xx_hal_pwr.o(i.HAL_PWR_EnableBkUpAccess), (12 bytes).
    Removing stm32f1xx_hal_pwr.o(i.HAL_PWR_EnablePVD), (12 bytes).
    Removing stm32f1xx_hal_pwr.o(i.HAL_PWR_EnableSEVOnPend), (16 bytes).
    Removing stm32f1xx_hal_pwr.o(i.HAL_PWR_EnableSleepOnExit), (16 bytes).
    Removing stm32f1xx_hal_pwr.o(i.HAL_PWR_EnableWakeUpPin), (28 bytes).
    Removing stm32f1xx_hal_pwr.o(i.HAL_PWR_EnterSLEEPMode), (32 bytes).
    Removing stm32f1xx_hal_pwr.o(i.HAL_PWR_EnterSTANDBYMode), (32 bytes).
    Removing stm32f1xx_hal_pwr.o(i.HAL_PWR_EnterSTOPMode), (68 bytes).
    Removing stm32f1xx_hal_pwr.o(i.HAL_PWR_PVDCallback), (2 bytes).
    Removing stm32f1xx_hal_pwr.o(i.HAL_PWR_PVD_IRQHandler), (28 bytes).
    Removing stm32f1xx_hal_pwr.o(i.PWR_OverloadWfe), (6 bytes).
    Removing stm32f1xx_hal_flash.o(.rev16_text), (4 bytes).
    Removing stm32f1xx_hal_flash.o(.revsh_text), (4 bytes).
    Removing stm32f1xx_hal_flash.o(.rrx_text), (6 bytes).
    Removing stm32f1xx_hal_flash.o(i.FLASH_Program_HalfWord), (28 bytes).
    Removing stm32f1xx_hal_flash.o(i.FLASH_SetErrorCode), (92 bytes).
    Removing stm32f1xx_hal_flash.o(i.FLASH_WaitForLastOperation), (84 bytes).
    Removing stm32f1xx_hal_flash.o(i.HAL_FLASH_EndOfOperationCallback), (2 bytes).
    Removing stm32f1xx_hal_flash.o(i.HAL_FLASH_GetError), (12 bytes).
    Removing stm32f1xx_hal_flash.o(i.HAL_FLASH_IRQHandler), (264 bytes).
    Removing stm32f1xx_hal_flash.o(i.HAL_FLASH_Lock), (20 bytes).
    Removing stm32f1xx_hal_flash.o(i.HAL_FLASH_OB_Launch), (4 bytes).
    Removing stm32f1xx_hal_flash.o(i.HAL_FLASH_OB_Lock), (20 bytes).
    Removing stm32f1xx_hal_flash.o(i.HAL_FLASH_OB_Unlock), (36 bytes).
    Removing stm32f1xx_hal_flash.o(i.HAL_FLASH_OperationErrorCallback), (2 bytes).
    Removing stm32f1xx_hal_flash.o(i.HAL_FLASH_Program), (128 bytes).
    Removing stm32f1xx_hal_flash.o(i.HAL_FLASH_Program_IT), (80 bytes).
    Removing stm32f1xx_hal_flash.o(i.HAL_FLASH_Unlock), (40 bytes).
    Removing stm32f1xx_hal_flash.o(.bss), (32 bytes).
    Removing stm32f1xx_hal_flash_ex.o(.rev16_text), (4 bytes).
    Removing stm32f1xx_hal_flash_ex.o(.revsh_text), (4 bytes).
    Removing stm32f1xx_hal_flash_ex.o(.rrx_text), (6 bytes).
    Removing stm32f1xx_hal_flash_ex.o(i.FLASH_MassErase), (36 bytes).
    Removing stm32f1xx_hal_flash_ex.o(i.FLASH_OB_DisableWRP), (176 bytes).
    Removing stm32f1xx_hal_flash_ex.o(i.FLASH_OB_EnableWRP), (176 bytes).
    Removing stm32f1xx_hal_flash_ex.o(i.FLASH_OB_GetRDP), (24 bytes).
    Removing stm32f1xx_hal_flash_ex.o(i.FLASH_OB_RDP_LevelConfig), (100 bytes).
    Removing stm32f1xx_hal_flash_ex.o(i.FLASH_PageErase), (36 bytes).
    Removing stm32f1xx_hal_flash_ex.o(i.HAL_FLASHEx_Erase), (168 bytes).
    Removing stm32f1xx_hal_flash_ex.o(i.HAL_FLASHEx_Erase_IT), (72 bytes).
    Removing stm32f1xx_hal_flash_ex.o(i.HAL_FLASHEx_OBErase), (84 bytes).
    Removing stm32f1xx_hal_flash_ex.o(i.HAL_FLASHEx_OBGetConfig), (36 bytes).
    Removing stm32f1xx_hal_flash_ex.o(i.HAL_FLASHEx_OBGetUserData), (32 bytes).
    Removing stm32f1xx_hal_flash_ex.o(i.HAL_FLASHEx_OBProgram), (200 bytes).
    Removing stm32f1xx_hal_exti.o(.rev16_text), (4 bytes).
    Removing stm32f1xx_hal_exti.o(.revsh_text), (4 bytes).
    Removing stm32f1xx_hal_exti.o(.rrx_text), (6 bytes).
    Removing stm32f1xx_hal_exti.o(i.HAL_EXTI_ClearConfigLine), (104 bytes).
    Removing stm32f1xx_hal_exti.o(i.HAL_EXTI_ClearPending), (20 bytes).
    Removing stm32f1xx_hal_exti.o(i.HAL_EXTI_GenerateSWI), (20 bytes).
    Removing stm32f1xx_hal_exti.o(i.HAL_EXTI_GetConfigLine), (140 bytes).
    Removing stm32f1xx_hal_exti.o(i.HAL_EXTI_GetHandle), (12 bytes).
    Removing stm32f1xx_hal_exti.o(i.HAL_EXTI_GetPending), (24 bytes).
    Removing stm32f1xx_hal_exti.o(i.HAL_EXTI_IRQHandler), (36 bytes).
    Removing stm32f1xx_hal_exti.o(i.HAL_EXTI_RegisterCallback), (14 bytes).
    Removing stm32f1xx_hal_exti.o(i.HAL_EXTI_SetConfigLine), (164 bytes).
    Removing system_stm32f1xx.o(.rev16_text), (4 bytes).
    Removing system_stm32f1xx.o(.revsh_text), (4 bytes).
    Removing system_stm32f1xx.o(.rrx_text), (6 bytes).
    Removing system_stm32f1xx.o(i.SystemCoreClockUpdate), (104 bytes).

243 unused section(s) (total 13158 bytes) removed from the image.

==============================================================================

Image Symbol Table

    Local Symbols

    Symbol Name                              Value     Ov Type        Size  Object(Section)

    ../Core/Src/gpio.c                       0x00000000   Number         0  gpio.o ABSOLUTE
    ../Core/Src/main.c                       0x00000000   Number         0  main.o ABSOLUTE
    ../Core/Src/stm32f1xx_hal_msp.c          0x00000000   Number         0  stm32f1xx_hal_msp.o ABSOLUTE
    ../Core/Src/stm32f1xx_it.c               0x00000000   Number         0  stm32f1xx_it.o ABSOLUTE
    ../Core/Src/system_stm32f1xx.c           0x00000000   Number         0  system_stm32f1xx.o ABSOLUTE
    ../Core/Src/usart.c                      0x00000000   Number         0  usart.o ABSOLUTE
    ../Drivers/STM32F1xx_HAL_Driver/Src/stm32f1xx_hal.c 0x00000000   Number         0  stm32f1xx_hal.o ABSOLUTE
    ../Drivers/STM32F1xx_HAL_Driver/Src/stm32f1xx_hal_cortex.c 0x00000000   Number         0  stm32f1xx_hal_cortex.o ABSOLUTE
    ../Drivers/STM32F1xx_HAL_Driver/Src/stm32f1xx_hal_dma.c 0x00000000   Number         0  stm32f1xx_hal_dma.o ABSOLUTE
    ../Drivers/STM32F1xx_HAL_Driver/Src/stm32f1xx_hal_exti.c 0x00000000   Number         0  stm32f1xx_hal_exti.o ABSOLUTE
    ../Drivers/STM32F1xx_HAL_Driver/Src/stm32f1xx_hal_flash.c 0x00000000   Number         0  stm32f1xx_hal_flash.o ABSOLUTE
    ../Drivers/STM32F1xx_HAL_Driver/Src/stm32f1xx_hal_flash_ex.c 0x00000000   Number         0  stm32f1xx_hal_flash_ex.o ABSOLUTE
    ../Drivers/STM32F1xx_HAL_Driver/Src/stm32f1xx_hal_gpio.c 0x00000000   Number         0  stm32f1xx_hal_gpio.o ABSOLUTE
    ../Drivers/STM32F1xx_HAL_Driver/Src/stm32f1xx_hal_gpio_ex.c 0x00000000   Number         0  stm32f1xx_hal_gpio_ex.o ABSOLUTE
    ../Drivers/STM32F1xx_HAL_Driver/Src/stm32f1xx_hal_pwr.c 0x00000000   Number         0  stm32f1xx_hal_pwr.o ABSOLUTE
    ../Drivers/STM32F1xx_HAL_Driver/Src/stm32f1xx_hal_rcc.c 0x00000000   Number         0  stm32f1xx_hal_rcc.o ABSOLUTE
    ../Drivers/STM32F1xx_HAL_Driver/Src/stm32f1xx_hal_rcc_ex.c 0x00000000   Number         0  stm32f1xx_hal_rcc_ex.o ABSOLUTE
    ../Drivers/STM32F1xx_HAL_Driver/Src/stm32f1xx_hal_tim.c 0x00000000   Number         0  stm32f1xx_hal_tim.o ABSOLUTE
    ../Drivers/STM32F1xx_HAL_Driver/Src/stm32f1xx_hal_tim_ex.c 0x00000000   Number         0  stm32f1xx_hal_tim_ex.o ABSOLUTE
    ../Drivers/STM32F1xx_HAL_Driver/Src/stm32f1xx_hal_uart.c 0x00000000   Number         0  stm32f1xx_hal_uart.o ABSOLUTE
    ../clib/microlib/division.c              0x00000000   Number         0  uidiv.o ABSOLUTE
    ../clib/microlib/division.c              0x00000000   Number         0  uldiv.o ABSOLUTE
    ../clib/microlib/errno.c                 0x00000000   Number         0  errno.o ABSOLUTE
    ../clib/microlib/init/entry.s            0x00000000   Number         0  entry2.o ABSOLUTE
    ../clib/microlib/init/entry.s            0x00000000   Number         0  entry9b.o ABSOLUTE
    ../clib/microlib/init/entry.s            0x00000000   Number         0  entry8b.o ABSOLUTE
    ../clib/microlib/init/entry.s            0x00000000   Number         0  entry8a.o ABSOLUTE
    ../clib/microlib/init/entry.s            0x00000000   Number         0  entry7b.o ABSOLUTE
    ../clib/microlib/init/entry.s            0x00000000   Number         0  entry.o ABSOLUTE
    ../clib/microlib/init/entry.s            0x00000000   Number         0  entry7a.o ABSOLUTE
    ../clib/microlib/init/entry.s            0x00000000   Number         0  entry9a.o ABSOLUTE
    ../clib/microlib/init/entry.s            0x00000000   Number         0  entry12b.o ABSOLUTE
    ../clib/microlib/init/entry.s            0x00000000   Number         0  entry12a.o ABSOLUTE
    ../clib/microlib/init/entry.s            0x00000000   Number         0  entry5.o ABSOLUTE
    ../clib/microlib/init/entry.s            0x00000000   Number         0  entry11b.o ABSOLUTE
    ../clib/microlib/init/entry.s            0x00000000   Number         0  entry11a.o ABSOLUTE
    ../clib/microlib/init/entry.s            0x00000000   Number         0  entry10b.o ABSOLUTE
    ../clib/microlib/init/entry.s            0x00000000   Number         0  entry10a.o ABSOLUTE
    ../clib/microlib/longlong.c              0x00000000   Number         0  llsshr.o ABSOLUTE
    ../clib/microlib/longlong.c              0x00000000   Number         0  llshl.o ABSOLUTE
    ../clib/microlib/longlong.c              0x00000000   Number         0  llushr.o ABSOLUTE
    ../clib/microlib/printf/printf.c         0x00000000   Number         0  printfa.o ABSOLUTE
    ../clib/microlib/stdio/fputc.c           0x00000000   Number         0  fputc.o ABSOLUTE
    ../clib/microlib/stdio/semi.s            0x00000000   Number         0  semi.o ABSOLUTE
    ../clib/microlib/stdio/streams.c         0x00000000   Number         0  stdout.o ABSOLUTE
    ../clib/microlib/string/memset.c         0x00000000   Number         0  memseta.o ABSOLUTE
    ../clib/microlib/string/strcat.c         0x00000000   Number         0  strcat.o ABSOLUTE
    ../clib/microlib/string/strcmp.c         0x00000000   Number         0  strcmp.o ABSOLUTE
    ../clib/microlib/string/strlen.c         0x00000000   Number         0  strlen.o ABSOLUTE
    ../clib/microlib/stubs.s                 0x00000000   Number         0  iusefp.o ABSOLUTE
    ../clib/microlib/stubs.s                 0x00000000   Number         0  iusesemip.o ABSOLUTE
    ../fplib/microlib/d2f.c                  0x00000000   Number         0  d2f.o ABSOLUTE
    ../fplib/microlib/fpadd.c                0x00000000   Number         0  dadd.o ABSOLUTE
    ../fplib/microlib/fpadd.c                0x00000000   Number         0  fadd.o ABSOLUTE
    ../fplib/microlib/fpdiv.c                0x00000000   Number         0  ddiv.o ABSOLUTE
    ../fplib/microlib/fpepilogue.c           0x00000000   Number         0  fepilogue.o ABSOLUTE
    ../fplib/microlib/fpepilogue.c           0x00000000   Number         0  depilogue.o ABSOLUTE
    ../fplib/microlib/fpfix.c                0x00000000   Number         0  dfixui.o ABSOLUTE
    ../fplib/microlib/fpfix.c                0x00000000   Number         0  dfixi.o ABSOLUTE
    ../fplib/microlib/fpfix.c                0x00000000   Number         0  dfixul.o ABSOLUTE
    ../fplib/microlib/fpflt.c                0x00000000   Number         0  dfltui.o ABSOLUTE
    ../fplib/microlib/fpflt.c                0x00000000   Number         0  dflti.o ABSOLUTE
    ../fplib/microlib/fpflt.c                0x00000000   Number         0  fflti.o ABSOLUTE
    ../fplib/microlib/fpmul.c                0x00000000   Number         0  dmul.o ABSOLUTE
    ../fplib/microlib/fprnd.c                0x00000000   Number         0  drnd.o ABSOLUTE
    ../fplib/microlib/fpscalb.c              0x00000000   Number         0  dscalb.o ABSOLUTE
    ../mathlib/atan.c                        0x00000000   Number         0  atan.o ABSOLUTE
    ../mathlib/atan.c                        0x00000000   Number         0  atan_x.o ABSOLUTE
    ../mathlib/atan2.c                       0x00000000   Number         0  atan2_x.o ABSOLUTE
    ../mathlib/atan2.c                       0x00000000   Number         0  atan2.o ABSOLUTE
    ../mathlib/dunder.c                      0x00000000   Number         0  dunder.o ABSOLUTE
    ../mathlib/fpclassify.c                  0x00000000   Number         0  fpclassify.o ABSOLUTE
    ../mathlib/poly.c                        0x00000000   Number         0  poly.o ABSOLUTE
    ../mathlib/qnan.c                        0x00000000   Number         0  qnan.o ABSOLUTE
    ../mathlib/round.c                       0x00000000   Number         0  round.o ABSOLUTE
    ..\Core\Src\gpio.c                       0x00000000   Number         0  gpio.o ABSOLUTE
    ..\Core\Src\main.c                       0x00000000   Number         0  main.o ABSOLUTE
    ..\Core\Src\stm32f1xx_hal_msp.c          0x00000000   Number         0  stm32f1xx_hal_msp.o ABSOLUTE
    ..\Core\Src\stm32f1xx_it.c               0x00000000   Number         0  stm32f1xx_it.o ABSOLUTE
    ..\Core\Src\system_stm32f1xx.c           0x00000000   Number         0  system_stm32f1xx.o ABSOLUTE
    ..\Core\Src\usart.c                      0x00000000   Number         0  usart.o ABSOLUTE
    ..\Drivers\STM32F1xx_HAL_Driver\Src\stm32f1xx_hal.c 0x00000000   Number         0  stm32f1xx_hal.o ABSOLUTE
    ..\Drivers\STM32F1xx_HAL_Driver\Src\stm32f1xx_hal_cortex.c 0x00000000   Number         0  stm32f1xx_hal_cortex.o ABSOLUTE
    ..\Drivers\STM32F1xx_HAL_Driver\Src\stm32f1xx_hal_dma.c 0x00000000   Number         0  stm32f1xx_hal_dma.o ABSOLUTE
    ..\Drivers\STM32F1xx_HAL_Driver\Src\stm32f1xx_hal_exti.c 0x00000000   Number         0  stm32f1xx_hal_exti.o ABSOLUTE
    ..\Drivers\STM32F1xx_HAL_Driver\Src\stm32f1xx_hal_flash.c 0x00000000   Number         0  stm32f1xx_hal_flash.o ABSOLUTE
    ..\Drivers\STM32F1xx_HAL_Driver\Src\stm32f1xx_hal_flash_ex.c 0x00000000   Number         0  stm32f1xx_hal_flash_ex.o ABSOLUTE
    ..\Drivers\STM32F1xx_HAL_Driver\Src\stm32f1xx_hal_gpio.c 0x00000000   Number         0  stm32f1xx_hal_gpio.o ABSOLUTE
    ..\Drivers\STM32F1xx_HAL_Driver\Src\stm32f1xx_hal_gpio_ex.c 0x00000000   Number         0  stm32f1xx_hal_gpio_ex.o ABSOLUTE
    ..\Drivers\STM32F1xx_HAL_Driver\Src\stm32f1xx_hal_pwr.c 0x00000000   Number         0  stm32f1xx_hal_pwr.o ABSOLUTE
    ..\Drivers\STM32F1xx_HAL_Driver\Src\stm32f1xx_hal_rcc.c 0x00000000   Number         0  stm32f1xx_hal_rcc.o ABSOLUTE
    ..\Drivers\STM32F1xx_HAL_Driver\Src\stm32f1xx_hal_rcc_ex.c 0x00000000   Number         0  stm32f1xx_hal_rcc_ex.o ABSOLUTE
    ..\Drivers\STM32F1xx_HAL_Driver\Src\stm32f1xx_hal_tim.c 0x00000000   Number         0  stm32f1xx_hal_tim.o ABSOLUTE
    ..\Drivers\STM32F1xx_HAL_Driver\Src\stm32f1xx_hal_tim_ex.c 0x00000000   Number         0  stm32f1xx_hal_tim_ex.o ABSOLUTE
    ..\Drivers\STM32F1xx_HAL_Driver\Src\stm32f1xx_hal_uart.c 0x00000000   Number         0  stm32f1xx_hal_uart.o ABSOLUTE
    ..\\mycode\\OLED.c                       0x00000000   Number         0  oled.o ABSOLUTE
    ..\mycode\OLED.c                         0x00000000   Number         0  oled.o ABSOLUTE
    ..\mycode\OLED_Data.c                    0x00000000   Number         0  oled_data.o ABSOLUTE
    cdcmple.s                                0x00000000   Number         0  cdcmple.o ABSOLUTE
    cdrcmple.s                               0x00000000   Number         0  cdrcmple.o ABSOLUTE
    dc.s                                     0x00000000   Number         0  dc.o ABSOLUTE
    handlers.s                               0x00000000   Number         0  handlers.o ABSOLUTE
    init.s                                   0x00000000   Number         0  init.o ABSOLUTE
    startup_stm32f103xe.s                    0x00000000   Number         0  startup_stm32f103xe.o ABSOLUTE
    RESET                                    0x08000000   Section      304  startup_stm32f103xe.o(RESET)
    .ARM.Collect$$$$00000000                 0x08000130   Section        0  entry.o(.ARM.Collect$$$$00000000)
    .ARM.Collect$$$$00000001                 0x08000130   Section        4  entry2.o(.ARM.Collect$$$$00000001)
    .ARM.Collect$$$$00000004                 0x08000134   Section        4  entry5.o(.ARM.Collect$$$$00000004)
    .ARM.Collect$$$$00000008                 0x08000138   Section        0  entry7b.o(.ARM.Collect$$$$00000008)
    .ARM.Collect$$$$0000000A                 0x08000138   Section        0  entry8b.o(.ARM.Collect$$$$0000000A)
    .ARM.Collect$$$$0000000B                 0x08000138   Section        8  entry9a.o(.ARM.Collect$$$$0000000B)
    .ARM.Collect$$$$0000000E                 0x08000140   Section        4  entry12b.o(.ARM.Collect$$$$0000000E)
    .ARM.Collect$$$$0000000F                 0x08000144   Section        0  entry10a.o(.ARM.Collect$$$$0000000F)
    .ARM.Collect$$$$00000011                 0x08000144   Section        0  entry11a.o(.ARM.Collect$$$$00000011)
    .ARM.Collect$$$$00002712                 0x08000144   Section        4  entry2.o(.ARM.Collect$$$$00002712)
    __lit__00000000                          0x08000144   Data           4  entry2.o(.ARM.Collect$$$$00002712)
    .text                                    0x08000148   Section       36  startup_stm32f103xe.o(.text)
    .text                                    0x0800016c   Section        0  llushr.o(.text)
    .text                                    0x0800018c   Section        0  memseta.o(.text)
    .text                                    0x080001b0   Section        0  strcat.o(.text)
    .text                                    0x080001c8   Section        0  strlen.o(.text)
    .text                                    0x080001d6   Section        0  strcmp.o(.text)
    .text                                    0x080001f2   Section        0  fadd.o(.text)
    .text                                    0x080002a2   Section        0  dadd.o(.text)
    .text                                    0x080003f0   Section        0  dmul.o(.text)
    .text                                    0x080004d4   Section        0  ddiv.o(.text)
    .text                                    0x080005b2   Section        0  fflti.o(.text)
    .text                                    0x080005c4   Section        0  dflti.o(.text)
    .text                                    0x080005e6   Section        0  dfltui.o(.text)
    .text                                    0x08000600   Section        0  dfixi.o(.text)
    .text                                    0x0800063e   Section        0  dfixui.o(.text)
    .text                                    0x08000670   Section       48  cdcmple.o(.text)
    .text                                    0x080006a0   Section       48  cdrcmple.o(.text)
    .text                                    0x080006d0   Section        0  d2f.o(.text)
    .text                                    0x08000708   Section        0  uidiv.o(.text)
    .text                                    0x08000734   Section        0  uldiv.o(.text)
    .text                                    0x08000796   Section        0  llshl.o(.text)
    .text                                    0x080007b4   Section        0  llsshr.o(.text)
    .text                                    0x080007d8   Section        0  iusefp.o(.text)
    .text                                    0x080007d8   Section        0  fepilogue.o(.text)
    .text                                    0x08000846   Section        0  depilogue.o(.text)
    .text                                    0x08000900   Section        0  drnd.o(.text)
    .text                                    0x08000988   Section        0  dfixul.o(.text)
    .text                                    0x080009b8   Section       36  init.o(.text)
    .text                                    0x080009dc   Section        0  dscalb.o(.text)
    i.BusFault_Handler                       0x08000a0a   Section        0  stm32f1xx_it.o(i.BusFault_Handler)
    i.DebugMon_Handler                       0x08000a0c   Section        0  stm32f1xx_it.o(i.DebugMon_Handler)
    i.Error_Handler                          0x08000a0e   Section        0  main.o(i.Error_Handler)
    i.HAL_Delay                              0x08000a14   Section        0  stm32f1xx_hal.o(i.HAL_Delay)
    i.HAL_GPIO_Init                          0x08000a38   Section        0  stm32f1xx_hal_gpio.o(i.HAL_GPIO_Init)
    i.HAL_GPIO_WritePin                      0x08000c30   Section        0  stm32f1xx_hal_gpio.o(i.HAL_GPIO_WritePin)
    i.HAL_GetTick                            0x08000c3c   Section        0  stm32f1xx_hal.o(i.HAL_GetTick)
    i.HAL_IncTick                            0x08000c48   Section        0  stm32f1xx_hal.o(i.HAL_IncTick)
    i.HAL_Init                               0x08000c58   Section        0  stm32f1xx_hal.o(i.HAL_Init)
    i.HAL_InitTick                           0x08000c7c   Section        0  stm32f1xx_hal.o(i.HAL_InitTick)
    i.HAL_MspInit                            0x08000cbc   Section        0  stm32f1xx_hal_msp.o(i.HAL_MspInit)
    i.HAL_NVIC_SetPriority                   0x08000cf8   Section        0  stm32f1xx_hal_cortex.o(i.HAL_NVIC_SetPriority)
    i.HAL_NVIC_SetPriorityGrouping           0x08000d38   Section        0  stm32f1xx_hal_cortex.o(i.HAL_NVIC_SetPriorityGrouping)
    i.HAL_RCC_ClockConfig                    0x08000d5c   Section        0  stm32f1xx_hal_rcc.o(i.HAL_RCC_ClockConfig)
    i.HAL_RCC_GetPCLK1Freq                   0x08000e88   Section        0  stm32f1xx_hal_rcc.o(i.HAL_RCC_GetPCLK1Freq)
    i.HAL_RCC_GetPCLK2Freq                   0x08000ea8   Section        0  stm32f1xx_hal_rcc.o(i.HAL_RCC_GetPCLK2Freq)
    i.HAL_RCC_GetSysClockFreq                0x08000ec8   Section        0  stm32f1xx_hal_rcc.o(i.HAL_RCC_GetSysClockFreq)
    i.HAL_RCC_OscConfig                      0x08000f14   Section        0  stm32f1xx_hal_rcc.o(i.HAL_RCC_OscConfig)
    i.HAL_SYSTICK_Config                     0x08001234   Section        0  stm32f1xx_hal_cortex.o(i.HAL_SYSTICK_Config)
    i.HAL_UART_Init                          0x0800125c   Section        0  stm32f1xx_hal_uart.o(i.HAL_UART_Init)
    i.HAL_UART_MspInit                       0x080012c0   Section        0  usart.o(i.HAL_UART_MspInit)
    i.HAL_UART_Transmit                      0x08001330   Section        0  stm32f1xx_hal_uart.o(i.HAL_UART_Transmit)
    i.HardFault_Handler                      0x080013d0   Section        0  stm32f1xx_it.o(i.HardFault_Handler)
    i.MX_GPIO_Init                           0x080013d4   Section        0  gpio.o(i.MX_GPIO_Init)
    i.MX_USART1_UART_Init                    0x0800144c   Section        0  usart.o(i.MX_USART1_UART_Init)
    i.MemManage_Handler                      0x08001484   Section        0  stm32f1xx_it.o(i.MemManage_Handler)
    i.NMI_Handler                            0x08001486   Section        0  stm32f1xx_it.o(i.NMI_Handler)
    i.OLED_Clear                             0x08001488   Section        0  oled.o(i.OLED_Clear)
    i.OLED_ClearArea                         0x080014b0   Section        0  oled.o(i.OLED_ClearArea)
    i.OLED_DrawArc                           0x0800150c   Section        0  oled.o(i.OLED_DrawArc)
    i.OLED_DrawCircle                        0x08001756   Section        0  oled.o(i.OLED_DrawCircle)
    i.OLED_DrawEllipse                       0x08001894   Section        0  oled.o(i.OLED_DrawEllipse)
    i.OLED_DrawLine                          0x08001b48   Section        0  oled.o(i.OLED_DrawLine)
    i.OLED_DrawPoint                         0x08001c34   Section        0  oled.o(i.OLED_DrawPoint)
    i.OLED_DrawRectangle                     0x08001c68   Section        0  oled.o(i.OLED_DrawRectangle)
    i.OLED_DrawTriangle                      0x08001cdc   Section        0  oled.o(i.OLED_DrawTriangle)
    i.OLED_GPIO_Init                         0x08001da0   Section        0  oled.o(i.OLED_GPIO_Init)
    i.OLED_GetPoint                          0x08001db8   Section        0  oled.o(i.OLED_GetPoint)
    i.OLED_I2C_SendByte                      0x08001df0   Section        0  oled.o(i.OLED_I2C_SendByte)
    i.OLED_I2C_Start                         0x08001e2a   Section        0  oled.o(i.OLED_I2C_Start)
    i.OLED_I2C_Stop                          0x08001e48   Section        0  oled.o(i.OLED_I2C_Stop)
    i.OLED_Init                              0x08001e60   Section        0  oled.o(i.OLED_Init)
    i.OLED_IsInAngle                         0x08001efc   Section        0  oled.o(i.OLED_IsInAngle)
    i.OLED_Pow                               0x08001f5c   Section        0  oled.o(i.OLED_Pow)
    i.OLED_Printf                            0x08001f6a   Section        0  oled.o(i.OLED_Printf)
    i.OLED_Reverse                           0x08001f94   Section        0  oled.o(i.OLED_Reverse)
    i.OLED_ReverseArea                       0x08001fbc   Section        0  oled.o(i.OLED_ReverseArea)
    i.OLED_SetCursor                         0x08002014   Section        0  oled.o(i.OLED_SetCursor)
    i.OLED_ShowBinNum                        0x08002036   Section        0  oled.o(i.OLED_ShowBinNum)
    i.OLED_ShowChar                          0x08002078   Section        0  oled.o(i.OLED_ShowChar)
    i.OLED_ShowFloatNum                      0x080020b4   Section        0  oled.o(i.OLED_ShowFloatNum)
    i.OLED_ShowHexNum                        0x08002172   Section        0  oled.o(i.OLED_ShowHexNum)
    i.OLED_ShowImage                         0x080021bc   Section        0  oled.o(i.OLED_ShowImage)
    i.OLED_ShowNum                           0x08002278   Section        0  oled.o(i.OLED_ShowNum)
    i.OLED_ShowSignedNum                     0x080022be   Section        0  oled.o(i.OLED_ShowSignedNum)
    i.OLED_ShowString                        0x0800231c   Section        0  oled.o(i.OLED_ShowString)
    i.OLED_Update                            0x080023f8   Section        0  oled.o(i.OLED_Update)
    i.OLED_W_SCL                             0x08002420   Section        0  oled.o(i.OLED_W_SCL)
    i.OLED_W_SDA                             0x08002438   Section        0  oled.o(i.OLED_W_SDA)
    i.OLED_WriteCommand                      0x08002450   Section        0  oled.o(i.OLED_WriteCommand)
    i.OLED_WriteData                         0x08002472   Section        0  oled.o(i.OLED_WriteData)
    i.OLED_pnpoly                            0x080024a2   Section        0  oled.o(i.OLED_pnpoly)
    i.PendSV_Handler                         0x08002516   Section        0  stm32f1xx_it.o(i.PendSV_Handler)
    i.SVC_Handler                            0x08002518   Section        0  stm32f1xx_it.o(i.SVC_Handler)
    i.SysTick_Handler                        0x0800251a   Section        0  stm32f1xx_it.o(i.SysTick_Handler)
    i.SystemClock_Config                     0x0800251e   Section        0  main.o(i.SystemClock_Config)
    i.SystemInit                             0x0800257c   Section        0  system_stm32f1xx.o(i.SystemInit)
    i.UART_EndRxTransfer                     0x0800257e   Section        0  stm32f1xx_hal_uart.o(i.UART_EndRxTransfer)
    UART_EndRxTransfer                       0x0800257f   Thumb Code    78  stm32f1xx_hal_uart.o(i.UART_EndRxTransfer)
    i.UART_SetConfig                         0x080025cc   Section        0  stm32f1xx_hal_uart.o(i.UART_SetConfig)
    UART_SetConfig                           0x080025cd   Thumb Code   178  stm32f1xx_hal_uart.o(i.UART_SetConfig)
    i.UART_WaitOnFlagUntilTimeout            0x08002684   Section        0  stm32f1xx_hal_uart.o(i.UART_WaitOnFlagUntilTimeout)
    UART_WaitOnFlagUntilTimeout              0x08002685   Thumb Code   114  stm32f1xx_hal_uart.o(i.UART_WaitOnFlagUntilTimeout)
    i.UsageFault_Handler                     0x080026f6   Section        0  stm32f1xx_it.o(i.UsageFault_Handler)
    i.__0vsnprintf                           0x080026f8   Section        0  printfa.o(i.__0vsnprintf)
    i.__0vsprintf                            0x0800272c   Section        0  printfa.o(i.__0vsprintf)
    i.__ARM_fpclassify                       0x08002750   Section        0  fpclassify.o(i.__ARM_fpclassify)
    i.__NVIC_SetPriority                     0x08002778   Section        0  stm32f1xx_hal_cortex.o(i.__NVIC_SetPriority)
    __NVIC_SetPriority                       0x08002779   Thumb Code    32  stm32f1xx_hal_cortex.o(i.__NVIC_SetPriority)
    i.__kernel_poly                          0x08002798   Section        0  poly.o(i.__kernel_poly)
    i.__mathlib_dbl_infnan                   0x08002842   Section        0  dunder.o(i.__mathlib_dbl_infnan)
    i.__mathlib_dbl_infnan2                  0x08002848   Section        0  dunder.o(i.__mathlib_dbl_infnan2)
    i.__mathlib_dbl_underflow                0x0800284c   Section        0  dunder.o(i.__mathlib_dbl_underflow)
    i.__scatterload_copy                     0x0800285c   Section       14  handlers.o(i.__scatterload_copy)
    i.__scatterload_null                     0x0800286a   Section        2  handlers.o(i.__scatterload_null)
    i.__scatterload_zeroinit                 0x0800286c   Section       14  handlers.o(i.__scatterload_zeroinit)
    i.__set_errno                            0x0800287c   Section        0  errno.o(i.__set_errno)
    i._fp_digits                             0x08002888   Section        0  printfa.o(i._fp_digits)
    _fp_digits                               0x08002889   Thumb Code   366  printfa.o(i._fp_digits)
    i._printf_core                           0x08002a0c   Section        0  printfa.o(i._printf_core)
    _printf_core                             0x08002a0d   Thumb Code  1704  printfa.o(i._printf_core)
    i._printf_post_padding                   0x080030c0   Section        0  printfa.o(i._printf_post_padding)
    _printf_post_padding                     0x080030c1   Thumb Code    36  printfa.o(i._printf_post_padding)
    i._printf_pre_padding                    0x080030e4   Section        0  printfa.o(i._printf_pre_padding)
    _printf_pre_padding                      0x080030e5   Thumb Code    46  printfa.o(i._printf_pre_padding)
    i._snputc                                0x08003112   Section        0  printfa.o(i._snputc)
    _snputc                                  0x08003113   Thumb Code    22  printfa.o(i._snputc)
    i._sputc                                 0x08003128   Section        0  printfa.o(i._sputc)
    _sputc                                   0x08003129   Thumb Code    10  printfa.o(i._sputc)
    i.atan                                   0x08003134   Section        0  atan.o(i.atan)
    i.atan2                                  0x08003354   Section        0  atan2.o(i.atan2)
    i.main                                   0x080034f0   Section        0  main.o(i.main)
    i.round                                  0x08003748   Section        0  round.o(i.round)
    i.uart_print                             0x080037dc   Section        0  main.o(i.uart_print)
    .constdata                               0x08003824   Section     1520  oled_data.o(.constdata)
    .constdata                               0x08003e14   Section      570  oled_data.o(.constdata)
    .constdata                               0x0800404e   Section      245  oled_data.o(.constdata)
    .constdata                               0x08004143   Section       32  oled_data.o(.constdata)
    .constdata                               0x08004163   Section       18  stm32f1xx_hal_rcc.o(.constdata)
    aPredivFactorTable                       0x08004163   Data           2  stm32f1xx_hal_rcc.o(.constdata)
    aPLLMULFactorTable                       0x08004165   Data          16  stm32f1xx_hal_rcc.o(.constdata)
    .constdata                               0x08004175   Section       16  system_stm32f1xx.o(.constdata)
    .constdata                               0x08004185   Section        8  system_stm32f1xx.o(.constdata)
    .constdata                               0x08004190   Section      152  atan.o(.constdata)
    atanhi                                   0x08004190   Data          32  atan.o(.constdata)
    atanlo                                   0x080041b0   Data          32  atan.o(.constdata)
    aTodd                                    0x080041d0   Data          40  atan.o(.constdata)
    aTeven                                   0x080041f8   Data          48  atan.o(.constdata)
    .constdata                               0x08004228   Section        8  qnan.o(.constdata)
    .data                                    0x20000000   Section       12  stm32f1xx_hal.o(.data)
    .data                                    0x2000000c   Section        4  system_stm32f1xx.o(.data)
    .data                                    0x20000010   Section        4  errno.o(.data)
    _errno                                   0x20000010   Data           4  errno.o(.data)
    .bss                                     0x20000014   Section       72  usart.o(.bss)
    .bss                                     0x2000005c   Section     1024  oled.o(.bss)
    STACK                                    0x20000460   Section     1024  startup_stm32f103xe.o(STACK)

    Global Symbols

    Symbol Name                              Value     Ov Type        Size  Object(Section)

    BuildAttributes$$THM_ISAv4$P$D$K$B$S$PE$A:L22UL41UL21$X:L11$S22US41US21$IEEE1$IW$USESV6$~STKCKD$USESV7$~SHL$OTIME$ROPI$IEEEX$EBA8$MICROLIB$REQ8$PRES8$EABIv2 0x00000000   Number         0  anon$$obj.o ABSOLUTE
    __ARM_use_no_argv                        0x00000000   Number         0  main.o ABSOLUTE
    __arm_fini_                               - Undefined Weak Reference
    __cpp_initialize__aeabi_                  - Undefined Weak Reference
    __cxa_finalize                            - Undefined Weak Reference
    __decompress                              - Undefined Weak Reference
    _clock_init                               - Undefined Weak Reference
    _microlib_exit                            - Undefined Weak Reference
    __Vectors_Size                           0x00000130   Number         0  startup_stm32f103xe.o ABSOLUTE
    __Vectors                                0x08000000   Data           4  startup_stm32f103xe.o(RESET)
    __Vectors_End                            0x08000130   Data           0  startup_stm32f103xe.o(RESET)
    __main                                   0x08000131   Thumb Code     0  entry.o(.ARM.Collect$$$$00000000)
    _main_stk                                0x08000131   Thumb Code     0  entry2.o(.ARM.Collect$$$$00000001)
    _main_scatterload                        0x08000135   Thumb Code     0  entry5.o(.ARM.Collect$$$$00000004)
    __main_after_scatterload                 0x08000139   Thumb Code     0  entry5.o(.ARM.Collect$$$$00000004)
    _main_clock                              0x08000139   Thumb Code     0  entry7b.o(.ARM.Collect$$$$00000008)
    _main_cpp_init                           0x08000139   Thumb Code     0  entry8b.o(.ARM.Collect$$$$0000000A)
    _main_init                               0x08000139   Thumb Code     0  entry9a.o(.ARM.Collect$$$$0000000B)
    __rt_lib_shutdown_fini                   0x08000141   Thumb Code     0  entry12b.o(.ARM.Collect$$$$0000000E)
    __rt_final_cpp                           0x08000145   Thumb Code     0  entry10a.o(.ARM.Collect$$$$0000000F)
    __rt_final_exit                          0x08000145   Thumb Code     0  entry11a.o(.ARM.Collect$$$$00000011)
    Reset_Handler                            0x08000149   Thumb Code     8  startup_stm32f103xe.o(.text)
    ADC1_2_IRQHandler                        0x08000163   Thumb Code     0  startup_stm32f103xe.o(.text)
    ADC3_IRQHandler                          0x08000163   Thumb Code     0  startup_stm32f103xe.o(.text)
    CAN1_RX1_IRQHandler                      0x08000163   Thumb Code     0  startup_stm32f103xe.o(.text)
    CAN1_SCE_IRQHandler                      0x08000163   Thumb Code     0  startup_stm32f103xe.o(.text)
    DMA1_Channel1_IRQHandler                 0x08000163   Thumb Code     0  startup_stm32f103xe.o(.text)
    DMA1_Channel2_IRQHandler                 0x08000163   Thumb Code     0  startup_stm32f103xe.o(.text)
    DMA1_Channel3_IRQHandler                 0x08000163   Thumb Code     0  startup_stm32f103xe.o(.text)
    DMA1_Channel4_IRQHandler                 0x08000163   Thumb Code     0  startup_stm32f103xe.o(.text)
    DMA1_Channel5_IRQHandler                 0x08000163   Thumb Code     0  startup_stm32f103xe.o(.text)
    DMA1_Channel6_IRQHandler                 0x08000163   Thumb Code     0  startup_stm32f103xe.o(.text)
    DMA1_Channel7_IRQHandler                 0x08000163   Thumb Code     0  startup_stm32f103xe.o(.text)
    DMA2_Channel1_IRQHandler                 0x08000163   Thumb Code     0  startup_stm32f103xe.o(.text)
    DMA2_Channel2_IRQHandler                 0x08000163   Thumb Code     0  startup_stm32f103xe.o(.text)
    DMA2_Channel3_IRQHandler                 0x08000163   Thumb Code     0  startup_stm32f103xe.o(.text)
    DMA2_Channel4_5_IRQHandler               0x08000163   Thumb Code     0  startup_stm32f103xe.o(.text)
    EXTI0_IRQHandler                         0x08000163   Thumb Code     0  startup_stm32f103xe.o(.text)
    EXTI15_10_IRQHandler                     0x08000163   Thumb Code     0  startup_stm32f103xe.o(.text)
    EXTI1_IRQHandler                         0x08000163   Thumb Code     0  startup_stm32f103xe.o(.text)
    EXTI2_IRQHandler                         0x08000163   Thumb Code     0  startup_stm32f103xe.o(.text)
    EXTI3_IRQHandler                         0x08000163   Thumb Code     0  startup_stm32f103xe.o(.text)
    EXTI4_IRQHandler                         0x08000163   Thumb Code     0  startup_stm32f103xe.o(.text)
    EXTI9_5_IRQHandler                       0x08000163   Thumb Code     0  startup_stm32f103xe.o(.text)
    FLASH_IRQHandler                         0x08000163   Thumb Code     0  startup_stm32f103xe.o(.text)
    FSMC_IRQHandler                          0x08000163   Thumb Code     0  startup_stm32f103xe.o(.text)
    I2C1_ER_IRQHandler                       0x08000163   Thumb Code     0  startup_stm32f103xe.o(.text)
    I2C1_EV_IRQHandler                       0x08000163   Thumb Code     0  startup_stm32f103xe.o(.text)
    I2C2_ER_IRQHandler                       0x08000163   Thumb Code     0  startup_stm32f103xe.o(.text)
    I2C2_EV_IRQHandler                       0x08000163   Thumb Code     0  startup_stm32f103xe.o(.text)
    PVD_IRQHandler                           0x08000163   Thumb Code     0  startup_stm32f103xe.o(.text)
    RCC_IRQHandler                           0x08000163   Thumb Code     0  startup_stm32f103xe.o(.text)
    RTC_Alarm_IRQHandler                     0x08000163   Thumb Code     0  startup_stm32f103xe.o(.text)
    RTC_IRQHandler                           0x08000163   Thumb Code     0  startup_stm32f103xe.o(.text)
    SDIO_IRQHandler                          0x08000163   Thumb Code     0  startup_stm32f103xe.o(.text)
    SPI1_IRQHandler                          0x08000163   Thumb Code     0  startup_stm32f103xe.o(.text)
    SPI2_IRQHandler                          0x08000163   Thumb Code     0  startup_stm32f103xe.o(.text)
    SPI3_IRQHandler                          0x08000163   Thumb Code     0  startup_stm32f103xe.o(.text)
    TAMPER_IRQHandler                        0x08000163   Thumb Code     0  startup_stm32f103xe.o(.text)
    TIM1_BRK_IRQHandler                      0x08000163   Thumb Code     0  startup_stm32f103xe.o(.text)
    TIM1_CC_IRQHandler                       0x08000163   Thumb Code     0  startup_stm32f103xe.o(.text)
    TIM1_TRG_COM_IRQHandler                  0x08000163   Thumb Code     0  startup_stm32f103xe.o(.text)
    TIM1_UP_IRQHandler                       0x08000163   Thumb Code     0  startup_stm32f103xe.o(.text)
    TIM2_IRQHandler                          0x08000163   Thumb Code     0  startup_stm32f103xe.o(.text)
    TIM3_IRQHandler                          0x08000163   Thumb Code     0  startup_stm32f103xe.o(.text)
    TIM4_IRQHandler                          0x08000163   Thumb Code     0  startup_stm32f103xe.o(.text)
    TIM5_IRQHandler                          0x08000163   Thumb Code     0  startup_stm32f103xe.o(.text)
    TIM6_IRQHandler                          0x08000163   Thumb Code     0  startup_stm32f103xe.o(.text)
    TIM7_IRQHandler                          0x08000163   Thumb Code     0  startup_stm32f103xe.o(.text)
    TIM8_BRK_IRQHandler                      0x08000163   Thumb Code     0  startup_stm32f103xe.o(.text)
    TIM8_CC_IRQHandler                       0x08000163   Thumb Code     0  startup_stm32f103xe.o(.text)
    TIM8_TRG_COM_IRQHandler                  0x08000163   Thumb Code     0  startup_stm32f103xe.o(.text)
    TIM8_UP_IRQHandler                       0x08000163   Thumb Code     0  startup_stm32f103xe.o(.text)
    UART4_IRQHandler                         0x08000163   Thumb Code     0  startup_stm32f103xe.o(.text)
    UART5_IRQHandler                         0x08000163   Thumb Code     0  startup_stm32f103xe.o(.text)
    USART1_IRQHandler                        0x08000163   Thumb Code     0  startup_stm32f103xe.o(.text)
    USART2_IRQHandler                        0x08000163   Thumb Code     0  startup_stm32f103xe.o(.text)
    USART3_IRQHandler                        0x08000163   Thumb Code     0  startup_stm32f103xe.o(.text)
    USBWakeUp_IRQHandler                     0x08000163   Thumb Code     0  startup_stm32f103xe.o(.text)
    USB_HP_CAN1_TX_IRQHandler                0x08000163   Thumb Code     0  startup_stm32f103xe.o(.text)
    USB_LP_CAN1_RX0_IRQHandler               0x08000163   Thumb Code     0  startup_stm32f103xe.o(.text)
    WWDG_IRQHandler                          0x08000163   Thumb Code     0  startup_stm32f103xe.o(.text)
    __aeabi_llsr                             0x0800016d   Thumb Code    32  llushr.o(.text)
    _ll_ushift_r                             0x0800016d   Thumb Code     0  llushr.o(.text)
    __aeabi_memset                           0x0800018d   Thumb Code    14  memseta.o(.text)
    __aeabi_memset4                          0x0800018d   Thumb Code     0  memseta.o(.text)
    __aeabi_memset8                          0x0800018d   Thumb Code     0  memseta.o(.text)
    __aeabi_memclr                           0x0800019b   Thumb Code     4  memseta.o(.text)
    __aeabi_memclr4                          0x0800019b   Thumb Code     0  memseta.o(.text)
    __aeabi_memclr8                          0x0800019b   Thumb Code     0  memseta.o(.text)
    _memset$wrapper                          0x0800019f   Thumb Code    18  memseta.o(.text)
    strcat                                   0x080001b1   Thumb Code    24  strcat.o(.text)
    strlen                                   0x080001c9   Thumb Code    14  strlen.o(.text)
    strcmp                                   0x080001d7   Thumb Code    28  strcmp.o(.text)
    __aeabi_fadd                             0x080001f3   Thumb Code   164  fadd.o(.text)
    __aeabi_fsub                             0x08000297   Thumb Code     6  fadd.o(.text)
    __aeabi_frsub                            0x0800029d   Thumb Code     6  fadd.o(.text)
    __aeabi_dadd                             0x080002a3   Thumb Code   322  dadd.o(.text)
    __aeabi_dsub                             0x080003e5   Thumb Code     6  dadd.o(.text)
    __aeabi_drsub                            0x080003eb   Thumb Code     6  dadd.o(.text)
    __aeabi_dmul                             0x080003f1   Thumb Code   228  dmul.o(.text)
    __aeabi_ddiv                             0x080004d5   Thumb Code   222  ddiv.o(.text)
    __aeabi_i2f                              0x080005b3   Thumb Code    18  fflti.o(.text)
    __aeabi_i2d                              0x080005c5   Thumb Code    34  dflti.o(.text)
    __aeabi_ui2d                             0x080005e7   Thumb Code    26  dfltui.o(.text)
    __aeabi_d2iz                             0x08000601   Thumb Code    62  dfixi.o(.text)
    __aeabi_d2uiz                            0x0800063f   Thumb Code    50  dfixui.o(.text)
    __aeabi_cdcmpeq                          0x08000671   Thumb Code     0  cdcmple.o(.text)
    __aeabi_cdcmple                          0x08000671   Thumb Code    48  cdcmple.o(.text)
    __aeabi_cdrcmple                         0x080006a1   Thumb Code    48  cdrcmple.o(.text)
    __aeabi_d2f                              0x080006d1   Thumb Code    56  d2f.o(.text)
    __aeabi_uidiv                            0x08000709   Thumb Code     0  uidiv.o(.text)
    __aeabi_uidivmod                         0x08000709   Thumb Code    44  uidiv.o(.text)
    __aeabi_uldivmod                         0x08000735   Thumb Code    98  uldiv.o(.text)
    __aeabi_llsl                             0x08000797   Thumb Code    30  llshl.o(.text)
    _ll_shift_l                              0x08000797   Thumb Code     0  llshl.o(.text)
    __aeabi_lasr                             0x080007b5   Thumb Code    36  llsshr.o(.text)
    _ll_sshift_r                             0x080007b5   Thumb Code     0  llsshr.o(.text)
    __I$use$fp                               0x080007d9   Thumb Code     0  iusefp.o(.text)
    _float_round                             0x080007d9   Thumb Code    18  fepilogue.o(.text)
    _float_epilogue                          0x080007eb   Thumb Code    92  fepilogue.o(.text)
    _double_round                            0x08000847   Thumb Code    30  depilogue.o(.text)
    _double_epilogue                         0x08000865   Thumb Code   156  depilogue.o(.text)
    _drnd                                    0x08000901   Thumb Code   132  drnd.o(.text)
    __aeabi_d2ulz                            0x08000989   Thumb Code    48  dfixul.o(.text)
    __scatterload                            0x080009b9   Thumb Code    28  init.o(.text)
    __scatterload_rt2                        0x080009b9   Thumb Code     0  init.o(.text)
    __ARM_scalbn                             0x080009dd   Thumb Code    46  dscalb.o(.text)
    scalbn                                   0x080009dd   Thumb Code     0  dscalb.o(.text)
    BusFault_Handler                         0x08000a0b   Thumb Code     2  stm32f1xx_it.o(i.BusFault_Handler)
    DebugMon_Handler                         0x08000a0d   Thumb Code     2  stm32f1xx_it.o(i.DebugMon_Handler)
    Error_Handler                            0x08000a0f   Thumb Code     4  main.o(i.Error_Handler)
    HAL_Delay                                0x08000a15   Thumb Code    32  stm32f1xx_hal.o(i.HAL_Delay)
    HAL_GPIO_Init                            0x08000a39   Thumb Code   462  stm32f1xx_hal_gpio.o(i.HAL_GPIO_Init)
    HAL_GPIO_WritePin                        0x08000c31   Thumb Code    10  stm32f1xx_hal_gpio.o(i.HAL_GPIO_WritePin)
    HAL_GetTick                              0x08000c3d   Thumb Code     6  stm32f1xx_hal.o(i.HAL_GetTick)
    HAL_IncTick                              0x08000c49   Thumb Code    12  stm32f1xx_hal.o(i.HAL_IncTick)
    HAL_Init                                 0x08000c59   Thumb Code    32  stm32f1xx_hal.o(i.HAL_Init)
    HAL_InitTick                             0x08000c7d   Thumb Code    54  stm32f1xx_hal.o(i.HAL_InitTick)
    HAL_MspInit                              0x08000cbd   Thumb Code    52  stm32f1xx_hal_msp.o(i.HAL_MspInit)
    HAL_NVIC_SetPriority                     0x08000cf9   Thumb Code    60  stm32f1xx_hal_cortex.o(i.HAL_NVIC_SetPriority)
    HAL_NVIC_SetPriorityGrouping             0x08000d39   Thumb Code    26  stm32f1xx_hal_cortex.o(i.HAL_NVIC_SetPriorityGrouping)
    HAL_RCC_ClockConfig                      0x08000d5d   Thumb Code   280  stm32f1xx_hal_rcc.o(i.HAL_RCC_ClockConfig)
    HAL_RCC_GetPCLK1Freq                     0x08000e89   Thumb Code    20  stm32f1xx_hal_rcc.o(i.HAL_RCC_GetPCLK1Freq)
    HAL_RCC_GetPCLK2Freq                     0x08000ea9   Thumb Code    20  stm32f1xx_hal_rcc.o(i.HAL_RCC_GetPCLK2Freq)
    HAL_RCC_GetSysClockFreq                  0x08000ec9   Thumb Code    58  stm32f1xx_hal_rcc.o(i.HAL_RCC_GetSysClockFreq)
    HAL_RCC_OscConfig                        0x08000f15   Thumb Code   778  stm32f1xx_hal_rcc.o(i.HAL_RCC_OscConfig)
    HAL_SYSTICK_Config                       0x08001235   Thumb Code    40  stm32f1xx_hal_cortex.o(i.HAL_SYSTICK_Config)
    HAL_UART_Init                            0x0800125d   Thumb Code   100  stm32f1xx_hal_uart.o(i.HAL_UART_Init)
    HAL_UART_MspInit                         0x080012c1   Thumb Code   100  usart.o(i.HAL_UART_MspInit)
    HAL_UART_Transmit                        0x08001331   Thumb Code   160  stm32f1xx_hal_uart.o(i.HAL_UART_Transmit)
    HardFault_Handler                        0x080013d1   Thumb Code     2  stm32f1xx_it.o(i.HardFault_Handler)
    MX_GPIO_Init                             0x080013d5   Thumb Code   112  gpio.o(i.MX_GPIO_Init)
    MX_USART1_UART_Init                      0x0800144d   Thumb Code    48  usart.o(i.MX_USART1_UART_Init)
    MemManage_Handler                        0x08001485   Thumb Code     2  stm32f1xx_it.o(i.MemManage_Handler)
    NMI_Handler                              0x08001487   Thumb Code     2  stm32f1xx_it.o(i.NMI_Handler)
    OLED_Clear                               0x08001489   Thumb Code    34  oled.o(i.OLED_Clear)
    OLED_ClearArea                           0x080014b1   Thumb Code    86  oled.o(i.OLED_ClearArea)
    OLED_DrawArc                             0x0800150d   Thumb Code   586  oled.o(i.OLED_DrawArc)
    OLED_DrawCircle                          0x08001757   Thumb Code   318  oled.o(i.OLED_DrawCircle)
    OLED_DrawEllipse                         0x08001895   Thumb Code   686  oled.o(i.OLED_DrawEllipse)
    OLED_DrawLine                            0x08001b49   Thumb Code   234  oled.o(i.OLED_DrawLine)
    OLED_DrawPoint                           0x08001c35   Thumb Code    48  oled.o(i.OLED_DrawPoint)
    OLED_DrawRectangle                       0x08001c69   Thumb Code   116  oled.o(i.OLED_DrawRectangle)
    OLED_DrawTriangle                        0x08001cdd   Thumb Code   196  oled.o(i.OLED_DrawTriangle)
    OLED_GPIO_Init                           0x08001da1   Thumb Code    24  oled.o(i.OLED_GPIO_Init)
    OLED_GetPoint                            0x08001db9   Thumb Code    52  oled.o(i.OLED_GetPoint)
    OLED_I2C_SendByte                        0x08001df1   Thumb Code    58  oled.o(i.OLED_I2C_SendByte)
    OLED_I2C_Start                           0x08001e2b   Thumb Code    30  oled.o(i.OLED_I2C_Start)
    OLED_I2C_Stop                            0x08001e49   Thumb Code    24  oled.o(i.OLED_I2C_Stop)
    OLED_Init                                0x08001e61   Thumb Code   156  oled.o(i.OLED_Init)
    OLED_IsInAngle                           0x08001efd   Thumb Code    82  oled.o(i.OLED_IsInAngle)
    OLED_Pow                                 0x08001f5d   Thumb Code    14  oled.o(i.OLED_Pow)
    OLED_Printf                              0x08001f6b   Thumb Code    42  oled.o(i.OLED_Printf)
    OLED_Reverse                             0x08001f95   Thumb Code    36  oled.o(i.OLED_Reverse)
    OLED_ReverseArea                         0x08001fbd   Thumb Code    84  oled.o(i.OLED_ReverseArea)
    OLED_SetCursor                           0x08002015   Thumb Code    34  oled.o(i.OLED_SetCursor)
    OLED_ShowBinNum                          0x08002037   Thumb Code    64  oled.o(i.OLED_ShowBinNum)
    OLED_ShowChar                            0x08002079   Thumb Code    52  oled.o(i.OLED_ShowChar)
    OLED_ShowFloatNum                        0x080020b5   Thumb Code   190  oled.o(i.OLED_ShowFloatNum)
    OLED_ShowHexNum                          0x08002173   Thumb Code    72  oled.o(i.OLED_ShowHexNum)
    OLED_ShowImage                           0x080021bd   Thumb Code   182  oled.o(i.OLED_ShowImage)
    OLED_ShowNum                             0x08002279   Thumb Code    70  oled.o(i.OLED_ShowNum)
    OLED_ShowSignedNum                       0x080022bf   Thumb Code    94  oled.o(i.OLED_ShowSignedNum)
    OLED_ShowString                          0x0800231d   Thumb Code   210  oled.o(i.OLED_ShowString)
    OLED_Update                              0x080023f9   Thumb Code    34  oled.o(i.OLED_Update)
    OLED_W_SCL                               0x08002421   Thumb Code    18  oled.o(i.OLED_W_SCL)
    OLED_W_SDA                               0x08002439   Thumb Code    18  oled.o(i.OLED_W_SDA)
    OLED_WriteCommand                        0x08002451   Thumb Code    34  oled.o(i.OLED_WriteCommand)
    OLED_WriteData                           0x08002473   Thumb Code    48  oled.o(i.OLED_WriteData)
    OLED_pnpoly                              0x080024a3   Thumb Code   116  oled.o(i.OLED_pnpoly)
    PendSV_Handler                           0x08002517   Thumb Code     2  stm32f1xx_it.o(i.PendSV_Handler)
    SVC_Handler                              0x08002519   Thumb Code     2  stm32f1xx_it.o(i.SVC_Handler)
    SysTick_Handler                          0x0800251b   Thumb Code     4  stm32f1xx_it.o(i.SysTick_Handler)
    SystemClock_Config                       0x0800251f   Thumb Code    94  main.o(i.SystemClock_Config)
    SystemInit                               0x0800257d   Thumb Code     2  system_stm32f1xx.o(i.SystemInit)
    UsageFault_Handler                       0x080026f7   Thumb Code     2  stm32f1xx_it.o(i.UsageFault_Handler)
    __0vsnprintf                             0x080026f9   Thumb Code    46  printfa.o(i.__0vsnprintf)
    __1vsnprintf                             0x080026f9   Thumb Code     0  printfa.o(i.__0vsnprintf)
    __2vsnprintf                             0x080026f9   Thumb Code     0  printfa.o(i.__0vsnprintf)
    __c89vsnprintf                           0x080026f9   Thumb Code     0  printfa.o(i.__0vsnprintf)
    vsnprintf                                0x080026f9   Thumb Code     0  printfa.o(i.__0vsnprintf)
    __0vsprintf                              0x0800272d   Thumb Code    30  printfa.o(i.__0vsprintf)
    __1vsprintf                              0x0800272d   Thumb Code     0  printfa.o(i.__0vsprintf)
    __2vsprintf                              0x0800272d   Thumb Code     0  printfa.o(i.__0vsprintf)
    __c89vsprintf                            0x0800272d   Thumb Code     0  printfa.o(i.__0vsprintf)
    vsprintf                                 0x0800272d   Thumb Code     0  printfa.o(i.__0vsprintf)
    __ARM_fpclassify                         0x08002751   Thumb Code    40  fpclassify.o(i.__ARM_fpclassify)
    __kernel_poly                            0x08002799   Thumb Code   170  poly.o(i.__kernel_poly)
    __mathlib_dbl_infnan                     0x08002843   Thumb Code     6  dunder.o(i.__mathlib_dbl_infnan)
    __mathlib_dbl_infnan2                    0x08002849   Thumb Code     4  dunder.o(i.__mathlib_dbl_infnan2)
    __mathlib_dbl_underflow                  0x0800284d   Thumb Code    10  dunder.o(i.__mathlib_dbl_underflow)
    __scatterload_copy                       0x0800285d   Thumb Code    14  handlers.o(i.__scatterload_copy)
    __scatterload_null                       0x0800286b   Thumb Code     2  handlers.o(i.__scatterload_null)
    __scatterload_zeroinit                   0x0800286d   Thumb Code    14  handlers.o(i.__scatterload_zeroinit)
    __set_errno                              0x0800287d   Thumb Code     6  errno.o(i.__set_errno)
    atan                                     0x08003135   Thumb Code   474  atan.o(i.atan)
    atan2                                    0x08003355   Thumb Code   374  atan2.o(i.atan2)
    main                                     0x080034f1   Thumb Code   518  main.o(i.main)
    round                                    0x08003749   Thumb Code   136  round.o(i.round)
    uart_print                               0x080037dd   Thumb Code    68  main.o(i.uart_print)
    OLED_F8x16                               0x08003824   Data        1520  oled_data.o(.constdata)
    OLED_F6x8                                0x08003e14   Data         570  oled_data.o(.constdata)
    OLED_CF16x16                             0x0800404e   Data         245  oled_data.o(.constdata)
    Diode                                    0x08004143   Data          32  oled_data.o(.constdata)
    AHBPrescTable                            0x08004175   Data          16  system_stm32f1xx.o(.constdata)
    APBPrescTable                            0x08004185   Data           8  system_stm32f1xx.o(.constdata)
    __mathlib_zero                           0x08004228   Data           8  qnan.o(.constdata)
    Region$$Table$$Base                      0x08004230   Number         0  anon$$obj.o(Region$$Table)
    Region$$Table$$Limit                     0x08004250   Number         0  anon$$obj.o(Region$$Table)
    uwTickFreq                               0x20000000   Data           1  stm32f1xx_hal.o(.data)
    uwTickPrio                               0x20000004   Data           4  stm32f1xx_hal.o(.data)
    uwTick                                   0x20000008   Data           4  stm32f1xx_hal.o(.data)
    SystemCoreClock                          0x2000000c   Data           4  system_stm32f1xx.o(.data)
    huart1                                   0x20000014   Data          72  usart.o(.bss)
    OLED_DisplayBuf                          0x2000005c   Data        1024  oled.o(.bss)
    __initial_sp                             0x20000860   Data           0  startup_stm32f103xe.o(STACK)



==============================================================================

Memory Map of the image

  Image Entry point : 0x08000131

  Load Region LR_IROM1 (Base: 0x08000000, Size: 0x00004264, Max: 0x00080000, ABSOLUTE)

    Execution Region ER_IROM1 (Exec base: 0x08000000, Load base: 0x08000000, Size: 0x00004250, Max: 0x00080000, ABSOLUTE)

    Exec Addr    Load Addr    Size         Type   Attr      Idx    E Section Name        Object

    0x08000000   0x08000000   0x00000130   Data   RO            3    RESET               startup_stm32f103xe.o
    0x08000130   0x08000130   0x00000000   Code   RO         2030  * .ARM.Collect$$$$00000000  mc_w.l(entry.o)
    0x08000130   0x08000130   0x00000004   Code   RO         2120    .ARM.Collect$$$$00000001  mc_w.l(entry2.o)
    0x08000134   0x08000134   0x00000004   Code   RO         2123    .ARM.Collect$$$$00000004  mc_w.l(entry5.o)
    0x08000138   0x08000138   0x00000000   Code   RO         2125    .ARM.Collect$$$$00000008  mc_w.l(entry7b.o)
    0x08000138   0x08000138   0x00000000   Code   RO         2127    .ARM.Collect$$$$0000000A  mc_w.l(entry8b.o)
    0x08000138   0x08000138   0x00000008   Code   RO         2128    .ARM.Collect$$$$0000000B  mc_w.l(entry9a.o)
    0x08000140   0x08000140   0x00000004   Code   RO         2135    .ARM.Collect$$$$0000000E  mc_w.l(entry12b.o)
    0x08000144   0x08000144   0x00000000   Code   RO         2130    .ARM.Collect$$$$0000000F  mc_w.l(entry10a.o)
    0x08000144   0x08000144   0x00000000   Code   RO         2132    .ARM.Collect$$$$00000011  mc_w.l(entry11a.o)
    0x08000144   0x08000144   0x00000004   Code   RO         2121    .ARM.Collect$$$$00002712  mc_w.l(entry2.o)
    0x08000148   0x08000148   0x00000024   Code   RO            4    .text               startup_stm32f103xe.o
    0x0800016c   0x0800016c   0x00000020   Code   RO         2033    .text               mc_w.l(llushr.o)
    0x0800018c   0x0800018c   0x00000024   Code   RO         2035    .text               mc_w.l(memseta.o)
    0x080001b0   0x080001b0   0x00000018   Code   RO         2037    .text               mc_w.l(strcat.o)
    0x080001c8   0x080001c8   0x0000000e   Code   RO         2039    .text               mc_w.l(strlen.o)
    0x080001d6   0x080001d6   0x0000001c   Code   RO         2041    .text               mc_w.l(strcmp.o)
    0x080001f2   0x080001f2   0x000000b0   Code   RO         2071    .text               mf_w.l(fadd.o)
    0x080002a2   0x080002a2   0x0000014e   Code   RO         2073    .text               mf_w.l(dadd.o)
    0x080003f0   0x080003f0   0x000000e4   Code   RO         2075    .text               mf_w.l(dmul.o)
    0x080004d4   0x080004d4   0x000000de   Code   RO         2077    .text               mf_w.l(ddiv.o)
    0x080005b2   0x080005b2   0x00000012   Code   RO         2079    .text               mf_w.l(fflti.o)
    0x080005c4   0x080005c4   0x00000022   Code   RO         2081    .text               mf_w.l(dflti.o)
    0x080005e6   0x080005e6   0x0000001a   Code   RO         2083    .text               mf_w.l(dfltui.o)
    0x08000600   0x08000600   0x0000003e   Code   RO         2085    .text               mf_w.l(dfixi.o)
    0x0800063e   0x0800063e   0x00000032   Code   RO         2087    .text               mf_w.l(dfixui.o)
    0x08000670   0x08000670   0x00000030   Code   RO         2089    .text               mf_w.l(cdcmple.o)
    0x080006a0   0x080006a0   0x00000030   Code   RO         2091    .text               mf_w.l(cdrcmple.o)
    0x080006d0   0x080006d0   0x00000038   Code   RO         2093    .text               mf_w.l(d2f.o)
    0x08000708   0x08000708   0x0000002c   Code   RO         2139    .text               mc_w.l(uidiv.o)
    0x08000734   0x08000734   0x00000062   Code   RO         2141    .text               mc_w.l(uldiv.o)
    0x08000796   0x08000796   0x0000001e   Code   RO         2143    .text               mc_w.l(llshl.o)
    0x080007b4   0x080007b4   0x00000024   Code   RO         2145    .text               mc_w.l(llsshr.o)
    0x080007d8   0x080007d8   0x00000000   Code   RO         2154    .text               mc_w.l(iusefp.o)
    0x080007d8   0x080007d8   0x0000006e   Code   RO         2155    .text               mf_w.l(fepilogue.o)
    0x08000846   0x08000846   0x000000ba   Code   RO         2157    .text               mf_w.l(depilogue.o)
    0x08000900   0x08000900   0x00000088   Code   RO         2159    .text               mf_w.l(drnd.o)
    0x08000988   0x08000988   0x00000030   Code   RO         2161    .text               mf_w.l(dfixul.o)
    0x080009b8   0x080009b8   0x00000024   Code   RO         2167    .text               mc_w.l(init.o)
    0x080009dc   0x080009dc   0x0000002e   Code   RO         2171    .text               mf_w.l(dscalb.o)
    0x08000a0a   0x08000a0a   0x00000002   Code   RO          227    i.BusFault_Handler  stm32f1xx_it.o
    0x08000a0c   0x08000a0c   0x00000002   Code   RO          228    i.DebugMon_Handler  stm32f1xx_it.o
    0x08000a0e   0x08000a0e   0x00000004   Code   RO           13    i.Error_Handler     main.o
    0x08000a12   0x08000a12   0x00000002   PAD
    0x08000a14   0x08000a14   0x00000024   Code   RO         1015    i.HAL_Delay         stm32f1xx_hal.o
    0x08000a38   0x08000a38   0x000001f8   Code   RO         1325    i.HAL_GPIO_Init     stm32f1xx_hal_gpio.o
    0x08000c30   0x08000c30   0x0000000a   Code   RO         1329    i.HAL_GPIO_WritePin  stm32f1xx_hal_gpio.o
    0x08000c3a   0x08000c3a   0x00000002   PAD
    0x08000c3c   0x08000c3c   0x0000000c   Code   RO         1019    i.HAL_GetTick       stm32f1xx_hal.o
    0x08000c48   0x08000c48   0x00000010   Code   RO         1025    i.HAL_IncTick       stm32f1xx_hal.o
    0x08000c58   0x08000c58   0x00000024   Code   RO         1026    i.HAL_Init          stm32f1xx_hal.o
    0x08000c7c   0x08000c7c   0x00000040   Code   RO         1027    i.HAL_InitTick      stm32f1xx_hal.o
    0x08000cbc   0x08000cbc   0x0000003c   Code   RO          302    i.HAL_MspInit       stm32f1xx_hal_msp.o
    0x08000cf8   0x08000cf8   0x00000040   Code   RO         1491    i.HAL_NVIC_SetPriority  stm32f1xx_hal_cortex.o
    0x08000d38   0x08000d38   0x00000024   Code   RO         1492    i.HAL_NVIC_SetPriorityGrouping  stm32f1xx_hal_cortex.o
    0x08000d5c   0x08000d5c   0x0000012c   Code   RO         1183    i.HAL_RCC_ClockConfig  stm32f1xx_hal_rcc.o
    0x08000e88   0x08000e88   0x00000020   Code   RO         1190    i.HAL_RCC_GetPCLK1Freq  stm32f1xx_hal_rcc.o
    0x08000ea8   0x08000ea8   0x00000020   Code   RO         1191    i.HAL_RCC_GetPCLK2Freq  stm32f1xx_hal_rcc.o
    0x08000ec8   0x08000ec8   0x0000004c   Code   RO         1192    i.HAL_RCC_GetSysClockFreq  stm32f1xx_hal_rcc.o
    0x08000f14   0x08000f14   0x00000320   Code   RO         1195    i.HAL_RCC_OscConfig  stm32f1xx_hal_rcc.o
    0x08001234   0x08001234   0x00000028   Code   RO         1496    i.HAL_SYSTICK_Config  stm32f1xx_hal_cortex.o
    0x0800125c   0x0800125c   0x00000064   Code   RO          675    i.HAL_UART_Init     stm32f1xx_hal_uart.o
    0x080012c0   0x080012c0   0x00000070   Code   RO          186    i.HAL_UART_MspInit  usart.o
    0x08001330   0x08001330   0x000000a0   Code   RO          683    i.HAL_UART_Transmit  stm32f1xx_hal_uart.o
    0x080013d0   0x080013d0   0x00000002   Code   RO          229    i.HardFault_Handler  stm32f1xx_it.o
    0x080013d2   0x080013d2   0x00000002   PAD
    0x080013d4   0x080013d4   0x00000078   Code   RO          161    i.MX_GPIO_Init      gpio.o
    0x0800144c   0x0800144c   0x00000038   Code   RO          187    i.MX_USART1_UART_Init  usart.o
    0x08001484   0x08001484   0x00000002   Code   RO          230    i.MemManage_Handler  stm32f1xx_it.o
    0x08001486   0x08001486   0x00000002   Code   RO          231    i.NMI_Handler       stm32f1xx_it.o
    0x08001488   0x08001488   0x00000028   Code   RO          326    i.OLED_Clear        oled.o
    0x080014b0   0x080014b0   0x0000005c   Code   RO          327    i.OLED_ClearArea    oled.o
    0x0800150c   0x0800150c   0x0000024a   Code   RO          328    i.OLED_DrawArc      oled.o
    0x08001756   0x08001756   0x0000013e   Code   RO          329    i.OLED_DrawCircle   oled.o
    0x08001894   0x08001894   0x000002b4   Code   RO          330    i.OLED_DrawEllipse  oled.o
    0x08001b48   0x08001b48   0x000000ea   Code   RO          331    i.OLED_DrawLine     oled.o
    0x08001c32   0x08001c32   0x00000002   PAD
    0x08001c34   0x08001c34   0x00000034   Code   RO          332    i.OLED_DrawPoint    oled.o
    0x08001c68   0x08001c68   0x00000074   Code   RO          333    i.OLED_DrawRectangle  oled.o
    0x08001cdc   0x08001cdc   0x000000c4   Code   RO          334    i.OLED_DrawTriangle  oled.o
    0x08001da0   0x08001da0   0x00000018   Code   RO          335    i.OLED_GPIO_Init    oled.o
    0x08001db8   0x08001db8   0x00000038   Code   RO          336    i.OLED_GetPoint     oled.o
    0x08001df0   0x08001df0   0x0000003a   Code   RO          337    i.OLED_I2C_SendByte  oled.o
    0x08001e2a   0x08001e2a   0x0000001e   Code   RO          338    i.OLED_I2C_Start    oled.o
    0x08001e48   0x08001e48   0x00000018   Code   RO          339    i.OLED_I2C_Stop     oled.o
    0x08001e60   0x08001e60   0x0000009c   Code   RO          340    i.OLED_Init         oled.o
    0x08001efc   0x08001efc   0x00000060   Code   RO          341    i.OLED_IsInAngle    oled.o
    0x08001f5c   0x08001f5c   0x0000000e   Code   RO          342    i.OLED_Pow          oled.o
    0x08001f6a   0x08001f6a   0x0000002a   Code   RO          343    i.OLED_Printf       oled.o
    0x08001f94   0x08001f94   0x00000028   Code   RO          344    i.OLED_Reverse      oled.o
    0x08001fbc   0x08001fbc   0x00000058   Code   RO          345    i.OLED_ReverseArea  oled.o
    0x08002014   0x08002014   0x00000022   Code   RO          346    i.OLED_SetCursor    oled.o
    0x08002036   0x08002036   0x00000040   Code   RO          347    i.OLED_ShowBinNum   oled.o
    0x08002076   0x08002076   0x00000002   PAD
    0x08002078   0x08002078   0x0000003c   Code   RO          348    i.OLED_ShowChar     oled.o
    0x080020b4   0x080020b4   0x000000be   Code   RO          349    i.OLED_ShowFloatNum  oled.o
    0x08002172   0x08002172   0x00000048   Code   RO          350    i.OLED_ShowHexNum   oled.o
    0x080021ba   0x080021ba   0x00000002   PAD
    0x080021bc   0x080021bc   0x000000bc   Code   RO          351    i.OLED_ShowImage    oled.o
    0x08002278   0x08002278   0x00000046   Code   RO          352    i.OLED_ShowNum      oled.o
    0x080022be   0x080022be   0x0000005e   Code   RO          353    i.OLED_ShowSignedNum  oled.o
    0x0800231c   0x0800231c   0x000000dc   Code   RO          354    i.OLED_ShowString   oled.o
    0x080023f8   0x080023f8   0x00000028   Code   RO          355    i.OLED_Update       oled.o
    0x08002420   0x08002420   0x00000018   Code   RO          357    i.OLED_W_SCL        oled.o
    0x08002438   0x08002438   0x00000018   Code   RO          358    i.OLED_W_SDA        oled.o
    0x08002450   0x08002450   0x00000022   Code   RO          359    i.OLED_WriteCommand  oled.o
    0x08002472   0x08002472   0x00000030   Code   RO          360    i.OLED_WriteData    oled.o
    0x080024a2   0x080024a2   0x00000074   Code   RO          361    i.OLED_pnpoly       oled.o
    0x08002516   0x08002516   0x00000002   Code   RO          232    i.PendSV_Handler    stm32f1xx_it.o
    0x08002518   0x08002518   0x00000002   Code   RO          233    i.SVC_Handler       stm32f1xx_it.o
    0x0800251a   0x0800251a   0x00000004   Code   RO          234    i.SysTick_Handler   stm32f1xx_it.o
    0x0800251e   0x0800251e   0x0000005e   Code   RO           14    i.SystemClock_Config  main.o
    0x0800257c   0x0800257c   0x00000002   Code   RO         1986    i.SystemInit        system_stm32f1xx.o
    0x0800257e   0x0800257e   0x0000004e   Code   RO          698    i.UART_EndRxTransfer  stm32f1xx_hal_uart.o
    0x080025cc   0x080025cc   0x000000b8   Code   RO          701    i.UART_SetConfig    stm32f1xx_hal_uart.o
    0x08002684   0x08002684   0x00000072   Code   RO          704    i.UART_WaitOnFlagUntilTimeout  stm32f1xx_hal_uart.o
    0x080026f6   0x080026f6   0x00000002   Code   RO          235    i.UsageFault_Handler  stm32f1xx_it.o
    0x080026f8   0x080026f8   0x00000034   Code   RO         2049    i.__0vsnprintf      mc_w.l(printfa.o)
    0x0800272c   0x0800272c   0x00000024   Code   RO         2050    i.__0vsprintf       mc_w.l(printfa.o)
    0x08002750   0x08002750   0x00000028   Code   RO         2163    i.__ARM_fpclassify  m_ws.l(fpclassify.o)
    0x08002778   0x08002778   0x00000020   Code   RO         1498    i.__NVIC_SetPriority  stm32f1xx_hal_cortex.o
    0x08002798   0x08002798   0x000000aa   Code   RO         2165    i.__kernel_poly     m_ws.l(poly.o)
    0x08002842   0x08002842   0x00000006   Code   RO         2106    i.__mathlib_dbl_infnan  m_ws.l(dunder.o)
    0x08002848   0x08002848   0x00000004   Code   RO         2107    i.__mathlib_dbl_infnan2  m_ws.l(dunder.o)
    0x0800284c   0x0800284c   0x00000010   Code   RO         2111    i.__mathlib_dbl_underflow  m_ws.l(dunder.o)
    0x0800285c   0x0800285c   0x0000000e   Code   RO         2175    i.__scatterload_copy  mc_w.l(handlers.o)
    0x0800286a   0x0800286a   0x00000002   Code   RO         2176    i.__scatterload_null  mc_w.l(handlers.o)
    0x0800286c   0x0800286c   0x0000000e   Code   RO         2177    i.__scatterload_zeroinit  mc_w.l(handlers.o)
    0x0800287a   0x0800287a   0x00000002   PAD
    0x0800287c   0x0800287c   0x0000000c   Code   RO         2149    i.__set_errno       mc_w.l(errno.o)
    0x08002888   0x08002888   0x00000184   Code   RO         2051    i._fp_digits        mc_w.l(printfa.o)
    0x08002a0c   0x08002a0c   0x000006b4   Code   RO         2052    i._printf_core      mc_w.l(printfa.o)
    0x080030c0   0x080030c0   0x00000024   Code   RO         2053    i._printf_post_padding  mc_w.l(printfa.o)
    0x080030e4   0x080030e4   0x0000002e   Code   RO         2054    i._printf_pre_padding  mc_w.l(printfa.o)
    0x08003112   0x08003112   0x00000016   Code   RO         2055    i._snputc           mc_w.l(printfa.o)
    0x08003128   0x08003128   0x0000000a   Code   RO         2056    i._sputc            mc_w.l(printfa.o)
    0x08003132   0x08003132   0x00000002   PAD
    0x08003134   0x08003134   0x00000220   Code   RO         2096    i.atan              m_ws.l(atan.o)
    0x08003354   0x08003354   0x0000019c   Code   RO         2021    i.atan2             m_ws.l(atan2.o)
    0x080034f0   0x080034f0   0x00000258   Code   RO           15    i.main              main.o
    0x08003748   0x08003748   0x00000094   Code   RO         2028    i.round             m_ws.l(round.o)
    0x080037dc   0x080037dc   0x00000048   Code   RO           16    i.uart_print        main.o
    0x08003824   0x08003824   0x000005f0   Data   RO          555    .constdata          oled_data.o
    0x08003e14   0x08003e14   0x0000023a   Data   RO          556    .constdata          oled_data.o
    0x0800404e   0x0800404e   0x000000f5   Data   RO          557    .constdata          oled_data.o
    0x08004143   0x08004143   0x00000020   Data   RO          558    .constdata          oled_data.o
    0x08004163   0x08004163   0x00000012   Data   RO         1196    .constdata          stm32f1xx_hal_rcc.o
    0x08004175   0x08004175   0x00000010   Data   RO         1987    .constdata          system_stm32f1xx.o
    0x08004185   0x08004185   0x00000008   Data   RO         1988    .constdata          system_stm32f1xx.o
    0x0800418d   0x0800418d   0x00000003   PAD
    0x08004190   0x08004190   0x00000098   Data   RO         2097    .constdata          m_ws.l(atan.o)
    0x08004228   0x08004228   0x00000008   Data   RO         2119    .constdata          m_ws.l(qnan.o)
    0x08004230   0x08004230   0x00000020   Data   RO         2173    Region$$Table       anon$$obj.o


    Execution Region RW_IRAM1 (Exec base: 0x20000000, Load base: 0x08004250, Size: 0x00000860, Max: 0x00010000, ABSOLUTE)

    Exec Addr    Load Addr    Size         Type   Attr      Idx    E Section Name        Object

    0x20000000   0x08004250   0x0000000c   Data   RW         1033    .data               stm32f1xx_hal.o
    0x2000000c   0x0800425c   0x00000004   Data   RW         1989    .data               system_stm32f1xx.o
    0x20000010   0x08004260   0x00000004   Data   RW         2150    .data               mc_w.l(errno.o)
    0x20000014        -       0x00000048   Zero   RW          188    .bss                usart.o
    0x2000005c        -       0x00000400   Zero   RW          362    .bss                oled.o
    0x2000045c   0x08004264   0x00000004   PAD
    0x20000460        -       0x00000400   Zero   RW            1    STACK               startup_stm32f103xe.o


==============================================================================

Image component sizes


      Code (inc. data)   RO Data    RW Data    ZI Data      Debug   Object Name

       120          8          0          0          0        823   gpio.o
       770         86          0          0          0     456525   main.o
      4232         90          0          0       1024      26221   oled.o
         0          0       2367          0          0        990   oled_data.o
        36          8        304          0       1024        768   startup_stm32f103xe.o
       164         28          0         12          0       6229   stm32f1xx_hal.o
       172         14          0          0          0      28110   stm32f1xx_hal_cortex.o
       514         42          0          0          0       2800   stm32f1xx_hal_gpio.o
        60          8          0          0          0        802   stm32f1xx_hal_msp.o
      1240         84         18          0          0       4900   stm32f1xx_hal_rcc.o
       636          6          0          0          0       4432   stm32f1xx_hal_uart.o
        20          0          0          0          0       3554   stm32f1xx_it.o
         2          0         24          4          0       1011   system_stm32f1xx.o
       168         20          0          0         72       1534   usart.o

    ----------------------------------------------------------------------
      8146        394       2748         16       2124     538699   Object Totals
         0          0         32          0          0          0   (incl. Generated)
        12          0          3          0          4          0   (incl. Padding)

    ----------------------------------------------------------------------

      Code (inc. data)   RO Data    RW Data    ZI Data      Debug   Library Member Name

       544         70        152          0          0        124   atan.o
       412         38          0          0          0        144   atan2.o
        26          6          0          0          0        204   dunder.o
        40          0          0          0          0         68   fpclassify.o
       170          0          0          0          0         96   poly.o
         0          0          8          0          0          0   qnan.o
       148         12          0          0          0         88   round.o
         0          0          0          0          0          0   entry.o
         0          0          0          0          0          0   entry10a.o
         0          0          0          0          0          0   entry11a.o
         4          0          0          0          0          0   entry12b.o
         8          4          0          0          0          0   entry2.o
         4          0          0          0          0          0   entry5.o
         0          0          0          0          0          0   entry7b.o
         0          0          0          0          0          0   entry8b.o
         8          4          0          0          0          0   entry9a.o
        12          6          0          4          0         68   errno.o
        30          0          0          0          0          0   handlers.o
        36          8          0          0          0         68   init.o
         0          0          0          0          0          0   iusefp.o
        30          0          0          0          0         68   llshl.o
        36          0          0          0          0         68   llsshr.o
        32          0          0          0          0         68   llushr.o
        36          0          0          0          0        108   memseta.o
      2306         92          0          0          0        676   printfa.o
        24          0          0          0          0         68   strcat.o
        28          0          0          0          0         76   strcmp.o
        14          0          0          0          0         68   strlen.o
        44          0          0          0          0         80   uidiv.o
        98          0          0          0          0         92   uldiv.o
        48          0          0          0          0         68   cdcmple.o
        48          0          0          0          0         68   cdrcmple.o
        56          0          0          0          0         88   d2f.o
       334          0          0          0          0        148   dadd.o
       222          0          0          0          0        100   ddiv.o
       186          0          0          0          0        176   depilogue.o
        62          0          0          0          0         80   dfixi.o
        50          0          0          0          0         76   dfixui.o
        48          0          0          0          0         68   dfixul.o
        34          0          0          0          0         76   dflti.o
        26          0          0          0          0         76   dfltui.o
       228          0          0          0          0         96   dmul.o
       136          4          0          0          0         92   drnd.o
        46          0          0          0          0         80   dscalb.o
       176          0          0          0          0        140   fadd.o
       110          0          0          0          0        168   fepilogue.o
        18          0          0          0          0         68   fflti.o

    ----------------------------------------------------------------------
      5922        244        160          4          0       3900   Library Totals
         4          0          0          0          0          0   (incl. Padding)

    ----------------------------------------------------------------------

      Code (inc. data)   RO Data    RW Data    ZI Data      Debug   Library Name

      1340        126        160          0          0        724   m_ws.l
      2750        114          0          4          0       1508   mc_w.l
      1828          4          0          0          0       1668   mf_w.l

    ----------------------------------------------------------------------
      5922        244        160          4          0       3900   Library Totals

    ----------------------------------------------------------------------

==============================================================================


      Code (inc. data)   RO Data    RW Data    ZI Data      Debug   

     14068        638       2908         20       2124     536875   Grand Totals
     14068        638       2908         20       2124     536875   ELF Image Totals
     14068        638       2908         20          0          0   ROM Totals

==============================================================================

    Total RO  Size (Code + RO Data)                16976 (  16.58kB)
    Total RW  Size (RW Data + ZI Data)              2144 (   2.09kB)
    Total ROM Size (Code + RO Data + RW Data)      16996 (  16.60kB)

==============================================================================

